showip.net

.ua

threema.ch

signal.org
simplex.chat
simplex.im
adminforge.de

linkedin.com
licdn.com

nnmclub.to
nnmstatic.win
filmitorrent.net
fast-torrent.club
kinozal.guru
kinozal.me
kinozal.tv
kinozaltv.life
cnd2exp.online
torrentgalaxy.to
rutor.org
rutor.info
rutor.is
cdnbunny.org
rutracker.org
rutracker.net
rutracker.wiki
rutracker.cc
selezen.org
booktracker.org
riperam.org
megapeer.vip
piratbit.top
thepiratebay.org
cloudtorrents.com
bt4gprx.com
slifki.biz
pb.wtf
rustorka.com
opentrackr.org

vpnlove.me
redshieldvpn.com
psiphon.ca
vpngate.net
mullvad.net
censortracker.org
prostovpn.org
vpngen.org
amnezia.org
cyberghostvpn.com
getoutline.org
vpnpay.io
protonvpn.com
surfshark.com
tiptop-vpn.com

scryde.ru
scryde.net
scryde1.net
scryde2.net
scryde3.net
scryde4.net
scryde5.net
scryde6.net
scryde7.net
scryde8.net
scryde9.net
scryde10.net
scryde11.net
scryde12.net
ruscryde.net
scryde.io
scryde.world

pages.dev
designify.com
ntc.party
dpidetector.org
notepad-plus-plus.org
mailo.com
cock.li
leafletjs.com
edu-cisco.org
hackmd.io
zbigz.com
allegro.pl
goodreads.com
gr-assets.com
freedomletters.org
babook.org
quora.com
quora.com.cdn.cloudflare.net
academy.terrasoft.ua
saverudata.net
mail-api.proton.me
olx.ua
gamesrepack.com
opensea.io
prnt.sc
knews.kg
ilook.tv
iptv.online
metacritic.com
okx.com
te-st.org
gagadget.com
kupujemprodajem.com
neformat.com.ua
privatekeys.pw
4freerussia.org
iichan.hk
rf.dobrochan.net
livetv.sx
annas-archive.org
malwarebytes.com
fls.guru
avira.com
filmix.ac
filmix.biz
gonitro.com
gofile.io
everand.com
infineon.com
coldfilm.xyz
squietpc.com
element14.com
baginya.org
linktr.ee
spreadthesign.com
simplix.info
trellix.com
carnegieendowment.org
twirpx.com
capcut.com
decrypt.day
amdm.ru
amx.com
archiveofourown.org
wilsoncenter.org
interactivebrokers.co.uk
ohmyswift.ru
sap.com
ahrefs.com
zendesk.com
kinovod.net
wiki.fextralife.com
coursera.org
4pna.com
skiff.com
mailfence.com
swissinfo.ch
ign.com
flipboard.com
digikey.com
skladchik.com
lolz.guru
sklatchiki.ru
gamedistribution.com
archive.ph
vice.com
hackernoon.com
visualcapitalist.com
coinpayments.net
eggertspiele.de
coinsbee.com
btdig.com
indiehackers.com
forum.ru-board.com
kinogo.uk
liveuamap.com
deepstatemap.live
ukr.net
flibusta.is
flibusta.net
flisland.net
cbilling.vip
cbilling.eu
soundcloud.com
soundcloud.cloud
sndcdn.com
linear.app
7tv.app
7tv.io
onlinesim.io
pimpletv.ru
f95-zone.to
proton.me
ukrtelcdn.net
render-state.to
webtoons.com
aol.com
as6723.net
novaline.fm
trueblackmetalradio.com
more.fm
polymarket.com
5sim.net
turbobit.net
nippon.com
knowyourmeme.com
kym-cdn.com
libgen.li
iedb.org
rentry.co
tuta.com
tuta.io
temu.com
nhl.com
windows10spotlight.com
rublacklist.net
mashable.com
metal-archives.com
halooglasi.com
lucid.app
hdkinoteatr.com
steamstat.info
statology.org
lostfilm.tv
lostfilmtv2.site
static.lostfilm.top
lostfilm.download
lostfilm.uno
lostfilm.tw
insearch.site
filmix.fm
filmix.day
filmix.la
api.service-kp.com
kino.pub
kamatera.com
hostgator.com
networksolutions.com
dreamhost.com
bluehost.com
ionos.com
digitalocean.com
godaddy.com
hetzner.com
bcbits.com
cub.red
patreon.com
shiza-project.com
kinozal.tv
anidub.com
10minutemail.com
abook-club.ru
depositphotos.com
deviantart.com
exler.ru
forklog.com
kinogo.ec
medium.com
navalny.com
nih.gov
omv-extras.org
seasonvar.ru
bestchange.ru
adguard.com
epidemz.net.co
chess.com
chesscomfiles.com
1337x.to
forum.netgate.com
botnadzor.org
ef.com
ef.edu
sci-hub.se
sci-hub.st
booth.pm
booth.pximg.net
torproject.org
refactoring.guru
opensanctions.org
startpage.com
searchfloor.org
le-production.tv
megapeer.ru
viber.com
musixmatch.com
digash.live
riseup.net
supersliv.biz
boominfo.org
audiobookbay.lu
make.com
elements.envato.com
apkmirror.com
mw2.wiki
lu4.org
iditelesombase.org
speedtest.net
sms-activate.io
jw.org
jw-russia.org
lantern.io
chub.ai
itch.io
unsplash.com
webmd.com
restream.io
startmail.com
gifyu.com
modrinth.com
hdstudio.org
kinopub.me
coldfilm.city
coldfilm.ink
croxyproxy.com
mega.nz
itch.io
twin.me
twinme.com
twinlife-systems.com

.roblox.com
roblox.com
apis.roblox.com
www.roblox.com
css.rbxcdn.com
images.rbxcdn.com
js.rbxcdn.com
.rbxcdn.com
realtime-signalr.roblox.com
t1.rbxcdn.com
abtesting.roblox.com
accountinformation.roblox.com
accountsettings.roblox.com
adconfiguration.roblox.com
ads.roblox.com
advertise.roblox.com
affiliates.roblox.com
aliastest.roblox.com
altdevforum.roblox.com
ams2-128-116-21-3.roblox.com
apicontrolplane.api.roblox.com
apis.rcs.roblox.com
apis.roblox.com
app2.ra.roblox.com
app49.chi1.roblox.com
app68.chi1.roblox.com
arkoselabs.roblox.com
ash1-128-116-114-3.roblox.com
ash1-rlb-bd1.roblox.com
assetdelivery-split.roblox.com
assetdelivery.roblox.com
assetgame.roblox.com
atl1-128-116-99-3.roblox.com
auth.roblox.com
authorize.roblox.com
authsite.roblox.com
avatar.api.roblox.com
avatar.roblox.com
avatarsite.roblox.com
badges.roblox.com
barista-example.roblox.com
barista.roblox.com
billing.api.roblox.com
billing.roblox.com
blog.roblox.com
bloxcon.roblox.com
bom1-128-116-104-4.roblox.com
brands.roblox.com
c0.roblox.com
c1.roblox.com
c2.roblox.com
c3.roblox.com
c4.roblox.com
c5.roblox.com
c6.roblox.com
c7.roblox.com
captcha.roblox.com
career.roblox.com
careers.roblox.com
catalog.roblox.com
cdg2-128-116-13-3.roblox.com
cdn.foundation.roblox.com
cdnproviders.roblox.com
chat.roblox.com
chatmoderation.roblox.com
chatsite.roblox.com
chi1-origin.roblox.com
chi3-rlb-bd1.roblox.com
civility.roblox.com
client-telemetry.roblox.com
clientsettings.api.roblox.com
clientsettings.roblox.com
clientsettingscdn.roblox.com
cms-media.roblox.com
community.roblox.com
confluence.roblox.com
contacts.roblox.com
content.roblox.com
contentstore.roblox.com
corp.roblox.com
corporate.roblox.com
create.roblox.com
creator.roblox.com
css.roblox.com
data.roblox.com
db133.chi1.roblox.com
de.roblox.com
develop.roblox.com
devforum.roblox.com
dfw1-128-116-125-3.roblox.com
dfw1-128-116-125-4.roblox.com
dfw2-128-116-95-3.roblox.com
discussions.roblox.com
docs-cdn.roblox.com
docsiteassets.roblox.com
dr-test.roblox.com
durablecounters.api.roblox.com
economy.roblox.com
economycreatorstats.roblox.com
economystats.roblox.com
ecsv2.roblox.com
edge-term-cdg2.roblox.com
edge-term-iad2.roblox.com
edge-term-mia4.roblox.com
edge-term-test.roblox.com
edge-term4-ams2.roblox.com
edge-term4-ash3.roblox.com
edge-term4-atl1.roblox.com
edge-term4-bom1.roblox.com
edge-term4-cdg2.roblox.com
edge-term4-dfw2.roblox.com
edge-term4-fra2.roblox.com
edge-term4-fra4.roblox.com
edge-term4-iad4.roblox.com
edge-term4-lax2.roblox.com
edge-term4-lax4.roblox.com
edge-term4-lga2.roblox.com
edge-term4-lhr2.roblox.com
edge-term4-mia2.roblox.com
edge-term4-mia4.roblox.com
edge-term4-nrt2.roblox.com
edge-term4-ord2.roblox.com
edge-term4-sea1.roblox.com
edge-term4-sin2.roblox.com
edge-term4-sin4.roblox.com
edge-term4-waw1.roblox.com
edge-term4.roblox.com
edge.roblox.com
education.roblox.com
eduforum.roblox.com
email.recruiting.roblox.com
en.help.roblox.com
engagementpayouts.roblox.com
ephemeralcounters-split.api.roblox.com
es.roblox.com
events.roblox.com
files.api.roblox.com
followings.roblox.com
fonts.roblox.com
forum.roblox.com
foundation.roblox.com
fr.roblox.com
fra1-128-116-123-3.roblox.com
fra2-128-116-123-3.roblox.com
fra2-128-116-123-8.roblox.com
fra4-128-116-44-3.roblox.com
friends.api.roblox.com
friends.roblox.com
friendsite.roblox.com
gamecounters.api.roblox.com
gameinstances.api.roblox.com
gamejoin.roblox.com
gamepasses.roblox.com
gamepersistence.api.roblox.com
gamepersistence.roblox.com
games.api.roblox.com
games.roblox.com
gamesearch.api.roblox.com
gamesite.roblox.com
gold-rlb1.roblox.com
gold.roblox.com
golden.roblox.com
groups.roblox.com
groupsmoderation.roblox.com
help.roblox.com
hkg1-128-116-118-3.roblox.com
iad2-128-116-56-3.roblox.com
iad4-128-116-102-3.roblox.com
images.roblox.com
influencers.roblox.com
infrastructure.roblox.com
inventory.roblox.com
ir.roblox.com
itemconfiguration.roblox.com
jira.roblox.com
job.roblox.com
jobs.roblox.com
js.roblox.com
lapp229.ra.roblox.com
lapp34.chi1.roblox.com
lapp357.chi1.roblox.com
lapp361.rp.roblox.com
lapp363.rp.roblox.com
lapp445.rp.roblox.com
lapp72.chi1.roblox.com
lapp739.ra.roblox.com
lapp788.ra.roblox.com
lax1-128-116-116-3.roblox.com
lax2-128-116-116-3.roblox.com
lax4-128-116-63-3.roblox.com
lbaas-bronze.roblox.com
lbaas-platinum.roblox.com
lbaas-silver.roblox.com
ldb42.ra.roblox.com
learn.roblox.com
legacy.vpn.ra.roblox.com
lga1-128-116-126-3.roblox.com
lga2-128-116-32-3.roblox.com
lhr1-128-116-119-3.roblox.com
lhr2-128-116-119-3.roblox.com
lms-split.roblox.com
lms.roblox.com
locale.roblox.com
localization.api.roblox.com
localizationtables.roblox.com
m.roblox.com
mail.roblox.com
maintenance-gold.roblox.com
maintenance.roblox.com
marketplace.api.roblox.com
marketplace.metrics.roblox.com
mas.metrics.roblox.com
master.metrics.roblox.com
matomo.metrics.roblox.com
matrix.metrics.roblox.com
max.metrics.roblox.com
media.metrics.roblox.com
meet.metrics.roblox.com
member.metrics.roblox.com
membershipsite.roblox.com
merchant.metrics.roblox.com
messagerouter.api.roblox.com
messenger.metrics.roblox.com
metrics.metrics.roblox.com
metrics.roblox.com
mfa.metrics.roblox.com
mi.metrics.roblox.com
mia2-128-116-127-3.roblox.com
mia4-128-116-45-3.roblox.com
midas.roblox.com
migrate-bd2-10.roblox.com
migrate-bd2-25.roblox.com
migrate-bd2-5.roblox.com
migrate-bd2-50.roblox.com
migrate-bd2-75.roblox.com
mini-mirror-nc.metrics.roblox.com
minio.metrics.roblox.com
mint.metrics.roblox.com
misc.roblox.com
monitor.metrics.roblox.com
monitoring.metrics.roblox.com
moodle.metrics.roblox.com
msg.metrics.roblox.com
msoid.metrics.roblox.com
mssql.metrics.roblox.com
music.metrics.roblox.com
music.roblox.com
mx3.metrics.roblox.com
na.metrics.roblox.com
nagios-nc.metrics.roblox.com
nas.metrics.roblox.com
ncs.roblox.com
nessus.metrics.roblox.com
net.metrics.roblox.com
network-nc.metrics.roblox.com
network.metrics.roblox.com
news.metrics.roblox.com
news.roblox.com
nflx.metrics.roblox.com
nginx.metrics.roblox.com
nl.metrics.roblox.com
nl.roblox.com
nms.metrics.roblox.com
notifications.roblox.com
notificationsite.roblox.com
nova-novncproxy-nc.metrics.roblox.com
nrt-gw.vpn.cn.roblox.com
nrt2-128-116-120-3.roblox.com
ns.metrics.roblox.com
ns01.metrics.roblox.com
ns02.metrics.roblox.com
ns3.metrics.roblox.com
ns4.metrics.roblox.com
null.roblox.com
oauth.metrics.roblox.com
object-store-nc.metrics.roblox.com
ocs.metrics.roblox.com
opendata.metrics.roblox.com
opt-out.roblox.com
orchestration-nc.metrics.roblox.com
ord2-128-116-101-3.roblox.com
origin.corp.roblox.com
origin.metrics.roblox.com
outlook.metrics.roblox.com
p1.roblox.com
pages.metrics.roblox.com
pan.metrics.roblox.com
panel.metrics.roblox.com
partners.roblox.com
passwords.roblox.com
patch.metrics.roblox.com
pay.metrics.roblox.com
pda.metrics.roblox.com
phoenix.metrics.roblox.com
pilot.metrics.roblox.com
piwik.ads.roblox.com
piwik.affiliates.roblox.com
piwik.billing.roblox.com
piwik.career.roblox.com
piwik.careers.roblox.com
piwik.catalog.roblox.com
piwik.content.roblox.com
piwik.data.roblox.com
piwik.de.roblox.com
piwik.edge.roblox.com
piwik.events.roblox.com
piwik.forum.roblox.com
piwik.help.roblox.com
piwik.inventory.roblox.com
piwik.jira.roblox.com
piwik.learn.roblox.com
piwik.lms.roblox.com
piwik.m.roblox.com
piwik.maintenance.roblox.com
piwik.metrics.roblox.com
piwik.portal.roblox.com
piwik.pt.roblox.com
piwik.sales.roblox.com
piwik.search.roblox.com
piwik.setup.roblox.com
piwik.status.roblox.com
piwik.uk.roblox.com
piwik.us-east-1.roblox.com
piwik.vpn.roblox.com
piwik.vpn2.roblox.com
piwik.www.roblox.com
pkio.metrics.roblox.com
pl.metrics.roblox.com
placement-nc.metrics.roblox.com
platform.metrics.roblox.com
platinum.roblox.com
play.metrics.roblox.com
po.metrics.roblox.com
poc.metrics.roblox.com
points.roblox.com
polls.roblox.com
portal.roblox.com
portalapp.metrics.roblox.com
post.metrics.roblox.com
pre.metrics.roblox.com
premium.roblox.com
premiumfeatures.roblox.com
presence.roblox.com
press.metrics.roblox.com
private.metrics.roblox.com
privatemessages.roblox.com
prod.docsiteassets.roblox.com
prod.metrics.roblox.com
project.metrics.roblox.com
projects.metrics.roblox.com
promotions.roblox.com
proxy.metrics.roblox.com
pt.help.roblox.com
pt.roblox.com
pub.metrics.roblox.com
public.ecs.roblox.com
publish.roblox.com
pulsar.roblox.com
punishments.roblox.com
q.metrics.roblox.com
qq.roblox.com
queue.metrics.roblox.com
quiz.metrics.roblox.com
quote.metrics.roblox.com
r.metrics.roblox.com
ra.roblox.com
radius.metrics.roblox.com
rancher.metrics.roblox.com
raw2nexus.sm.roblox.com
rblxcdn.roblox.com
rc.metrics.roblox.com
rcs.roblox.com
realtime-signalr.roblox.com
realtime.roblox.com
realtime2.roblox.com
realtime3.roblox.com
reate.roblox.com
redmine.metrics.roblox.com
registration.metrics.roblox.com
registry.metrics.roblox.com
relay1.metrics.roblox.com
release.metrics.roblox.com
repo.metrics.roblox.com
reporting.metrics.roblox.com
reports.metrics.roblox.com
repository.metrics.roblox.com
res.metrics.roblox.com
research.roblox.com
researchpanel.roblox.com
resources.metrics.roblox.com
review.metrics.roblox.com
rightsportal.roblox.com
rjobs.roblox.com
rlb.roblox.com
ro.metrics.roblox.com
ro.roblox.com
roblox-media.roblox.com
roblox.cvom.roblox.com
robux.roblox.com
root.metrics.roblox.com
rp-web4.corp.roblox.com
rp-web8.corp.roblox.com
rss.metrics.roblox.com
rvap.metrics.roblox.com
s2.metrics.roblox.com
sa.metrics.roblox.com
sales.roblox.com
sample.metrics.roblox.com
sandbox.metrics.roblox.com
sap.metrics.roblox.com
satus.roblox.com
se.metrics.roblox.com
sea1-128-116-100-3.roblox.com
sea1-128-116-115-3.roblox.com
sea1-128-116-99-3.roblox.com
search.api.roblox.com
search.metrics.roblox.com
search.roblox.com
securemail.metrics.roblox.com
server1.metrics.roblox.com
servers.roblox.com
servicedesk.metrics.roblox.com
services.metrics.roblox.com
services.roblox.com
setup-ak.roblox.com
setup-cf.roblox.com
setup-gametest.roblox.com
setup-sitetest.roblox.com
setup-staging.roblox.com
setup-test.roblox.com
setup.gametest6.roblox.com
setup.roblox.com
sf.metrics.roblox.com
sftp.metrics.roblox.com
share.metrics.roblox.com
share.roblox.com
sharepoint.metrics.roblox.com
shipyard-nc.metrics.roblox.com
shop.roblox.com
signup.metrics.roblox.com
silver.roblox.com
sin2-128-116-97-3.roblox.com
sin4-128-116-50-3.roblox.com
sip.metrics.roblox.com
sit.metrics.roblox.com
site.metrics.roblox.com
sitetest1.roblox.com
sjc1-128-116-117-3.roblox.com
smart.metrics.roblox.com
smetrics.metrics.roblox.com
sms.api.roblox.com
social.roblox.com
socialauth.roblox.com
sonarqube.metrics.roblox.com
source.metrics.roblox.com
spf1.metrics.roblox.com
spf_20190122.roblox.com
sql.metrics.roblox.com
sqlite.metrics.roblox.com
ss.metrics.roblox.com
ssfibdahweadbjkeafba.roblox.com
staff.metrics.roblox.com
stage.metrics.roblox.com
staging.metrics.roblox.com
staging2.metrics.roblox.com
static.roblox.com
static2.metrics.roblox.com
staticcontent.api.roblox.com
statis.roblox.com
statistics.metrics.roblox.com
stats.metrics.roblox.com
status.metrics.roblox.com
status.roblox.com
stis.metrics.roblox.com
stores.metrics.roblox.com
storm.metrics.roblox.com
stream.metrics.roblox.com
stud.metrics.roblox.com
student.metrics.roblox.com
style.metrics.roblox.com
sun.metrics.roblox.com
survey.roblox.com
surveys.metrics.roblox.com
surveyssite.roblox.com
svn.metrics.roblox.com
sw.metrics.roblox.com
switch.metrics.roblox.com
sys.metrics.roblox.com
system.metrics.roblox.com
t.email.roblox.com
t0.roblox.com
t0ak.roblox.com
t1.roblox.com
t1ak.roblox.com
t2.roblox.com
t2ak.roblox.com
t3.roblox.com
t3ak.roblox.com
t4.roblox.com
t4ak.roblox.com
t5.roblox.com
t5ak.roblox.com
t6.roblox.com
t6ak.roblox.com
t7.roblox.com
t7ak.roblox.com
ta.metrics.roblox.com
table.metrics.roblox.com
talent.roblox.com
talenthub.roblox.com
target.metrics.roblox.com
tarif.metrics.roblox.com
task.metrics.roblox.com
tasks.metrics.roblox.com
td.metrics.roblox.com
techblog.roblox.com
technic.metrics.roblox.com
test.metrics.roblox.com
test.public.ecs.roblox.com
test2.metrics.roblox.com
textfilter.api.roblox.com
textfilter.roblox.com
themes.roblox.com
thumbnails.roblox.com
thumbnailscoordination.api.roblox.com
thumbnailsresizer.roblox.com
tickets.metrics.roblox.com
titanium.roblox.com
tms.metrics.roblox.com
tn.metrics.roblox.com
tools.metrics.roblox.com
tourstat.metrics.roblox.com
tracing.roblox.com
tracking.metrics.roblox.com
trades.roblox.com
traefik.metrics.roblox.com
traffic.metrics.roblox.com
translation.roblox.com
translationroles.roblox.com
translations.roblox.com
translationsite.roblox.com
tst.metrics.roblox.com
tv.metrics.roblox.com
tw.metrics.roblox.com
twostepverification.roblox.com
uat.metrics.roblox.com
ugcvalidationcoordination.api.roblox.com
ui.metrics.roblox.com
uiblox.roblox.com
uk.roblox.com
unit.metrics.roblox.com
upload.crashes.roblox.com
uptime.metrics.roblox.com
url1454.devforum.roblox.com
us-central-bd1-smoke.roblox.com
us-central-bd1.roblox.com
us-central-default-px.roblox.com
us-central-origin-px.roblox.com
us-central-rlb-bd2-90-2.roblox.com
us-central-rlb-bd2-95.roblox.com
us-east-1.metrics.roblox.com
us-east-1.roblox.com
us-east-bd1.roblox.com
us-east-bd2.roblox.com
user.metrics.roblox.com
usermoderation.roblox.com
users.api.roblox.com
users.roblox.com
util198webadmin.ra.roblox.com
util39.ra.roblox.com
v1.metrics.roblox.com
vb.metrics.roblox.com
vbulletin.metrics.roblox.com
vc.metrics.roblox.com
vdi.metrics.roblox.com
verify.metrics.roblox.com
versioncompatibility-test.api.roblox.com
versioncompatibility.api.roblox.com
veteran.metrics.roblox.com
vip.metrics.roblox.com
vips.metrics.roblox.com
vlan.metrics.roblox.com
vm.metrics.roblox.com
vm0.metrics.roblox.com
vm2.metrics.roblox.com
vm3.metrics.roblox.com
voice.roblox.com
volume-nc.metrics.roblox.com
vpn.cn.roblox.com
vpn.metrics.roblox.com
vpn.ra.roblox.com
vpn.roblox.com
vpn2.metrics.roblox.com
vpn2.ra.roblox.com
vpn2.roblox.com
vps-cb5e82f2.ash1-xboxlive.api.roblox.com
vvwv.roblox.com
vx102.ra.roblox.com
vx34.chi1.roblox.com
w.roblox.com
wap.metrics.roblox.com
waw1-128-116-124-3.roblox.com
we.roblox.com
web.roblox.com
web.www.roblox.com
web102.p1t.roblox.com
web103.p1t.roblox.com
web104.p1t.roblox.com
web1061.rp.roblox.com
web108.p1t.roblox.com
web111.p1t.roblox.com
web1136.chi1.roblox.com
web114.p1t.roblox.com
web115.p1t.roblox.com
web1159.rp.roblox.com
web117.p1t.roblox.com
web120.p1t.roblox.com
web1203.rp.roblox.com
web121.p1t.roblox.com
web1226.chi1.roblox.com
web124.p1t.roblox.com
web125.p1t.roblox.com
web1271.rp.roblox.com
web1483.chi1.roblox.com
web1499.chi1.roblox.com
web1611.chi1.roblox.com
web1683.chi1.roblox.com
web1757.chi1.roblox.com
web203.ra.roblox.com
web204.chi1.roblox.com
web204.ra.roblox.com
web205.ra.roblox.com
web206.ra.roblox.com
web207.ra.roblox.com
web208.ra.roblox.com
web209.ra.roblox.com
web210.ra.roblox.com
web211.ra.roblox.com
web212.ra.roblox.com
web213.ra.roblox.com
web214.ra.roblox.com
web215.ra.roblox.com
web228.chi1.roblox.com
web229.ra.roblox.com
web230.ra.roblox.com
web231.ra.roblox.com
web234.ra.roblox.com
web239.ra.roblox.com
web240.ra.roblox.com
web242.ra.roblox.com
web243.ra.roblox.com
web244.ra.roblox.com
web246.ra.roblox.com
web247.ra.roblox.com
web248.ra.roblox.com
web249.ra.roblox.com
web251.ra.roblox.com
web252.ra.roblox.com
web253.ra.roblox.com
web254.chi1.roblox.com
web254.ra.roblox.com
web256.ra.roblox.com
web288.ra.roblox.com
web290.ra.roblox.com
web326.ra.roblox.com
web332.ra.roblox.com
web468.chi1.roblox.com
web471.rp.roblox.com
web527.rp.roblox.com
web732.chi1.roblox.com
web755.chi1.roblox.com
web9.sm.roblox.com
webapp.metrics.roblox.com
webblox.roblox.com
webconf.metrics.roblox.com
webdisk.metrics.roblox.com
webhook.metrics.roblox.com
webmail.metrics.roblox.com
webserver.metrics.roblox.com
webservice.metrics.roblox.com
webservices.metrics.roblox.com
website.metrics.roblox.com
wee.roblox.com
week.metrics.roblox.com
welcome.metrics.roblox.com
white.metrics.roblox.com
wiki.roblox.com
wikiblog.roblox.com
wow.roblox.com
ws.metrics.roblox.com
ws1.metrics.roblox.com
wvv.roblox.com
wvw.roblox.com
ww.roblox.com
ww2.metrics.roblox.com
wwg.roblox.com
wwsw.roblox.com
www-acc.metrics.roblox.com
www-gold.roblox.com
www.assetgame.roblox.com
www.careers.roblox.com
www.confluence.roblox.com
www.content.roblox.com
www.corp.roblox.com
www.developer.roblox.com
www.devforum.roblox.com
www.en.help.roblox.com
www.events.roblox.com
www.games.api.roblox.com
www.gametest6.roblox.com
www.jira.roblox.com
www.m.roblox.com
www.py.roblox.com
www.roblox.com
www.status.roblox.com
www.survey.roblox.com
www.vpn.cn.roblox.com
www.vpn.roblox.com
www.wiki.roblox.com
www.www2.roblox.com
www0.metrics.roblox.com
www1.metrics.roblox.com
www2.metrics.roblox.com
www3.metrics.roblox.com
www4.metrics.roblox.com
wwwdev.metrics.roblox.com
wwwe.roblox.com
wwwtest.metrics.roblox.com
wwww.metrics.roblox.com
wwww0.metrics.roblox.com
xboxlive.api.roblox.com
xbrl.metrics.roblox.com
xn--www-rp0a.roblox.com
xww.roblox.com
yww.roblox.com
z.metrics.roblox.com
zabbix.metrics.roblox.com
zendeskverification.roblox.com
zone.metrics.roblox.com
