.ua
10minutemail.com
1337x.to
24.kg
4freerussia.org
4pda.to
4pda.ws
4pna.com
5sim.net
7dniv.rv.ua
7tv.app
7tv.io
9tv.co.il
abercrombie.com
abook-club.ru
abtesting.roblox.com
academy.terrasoft.ua
accountinformation.roblox.com
accountsettings.roblox.com
activatica.org
adconfiguration.roblox.com
adguard.com
adidas.com
adminforge.de
adobe.com
ads-twitter.com
ads.roblox.com
adultmult.tv
advertise.roblox.com
affiliates.roblox.com
agents.media
ahrefs.com
ai-chat.bsg.brave.com
ai.com
aircanada.com
akc.org
aliastest.roblox.com
allegro.pl
alphacoders.com
altdevforum.roblox.com
alza.hu
amazfitwatchfaces.com
amdm.ru
amedia.site
amnezia.org
amplitude.com
ams2-128-116-21-3.roblox.com
amx.com
analog.com
andrevi.ch
anidub.com
anilib.me
anilibria.org
anilibria.tv
anilibria.uno
anilibria.wtf
animaunt.org
anime-portal.su
animebest.org
animedia.tv
animego.org
animespirit.ru
anistar.org
anistars.ru
annas-archive.org
ansys.com
anthropic.com
aol.com
api.jetbrains.ai
api.service-kp.com
api.theins.info
api.themoviedb.org
apicontrolplane.api.roblox.com
apis.rcs.roblox.com
apis.roblox.com
apkmirror.com
app.zerossl.com
app2.ra.roblox.com
app49.chi1.roblox.com
app68.chi1.roblox.com
arbat.media
arc.net
archive.ph
archiveofourown.org
arkoselabs.roblox.com
as6723.net
ash1-128-116-114-3.roblox.com
ash1-rlb-bd1.roblox.com
assetdelivery-split.roblox.com
assetdelivery.roblox.com
assetgame.roblox.com
assets.heroku.com
atl1-128-116-99-3.roblox.com
atlassian.com
atn.ua
att.com
attachments.f95zone.to
audiobookbay.lu
auth.roblox.com
authorize.roblox.com
authsite.roblox.com
autodesk.com
avatar.api.roblox.com
avatar.roblox.com
avatarsite.roblox.com
avira.com
azathabar.com
azattyq.org
babook.org
badges.roblox.com
baginya.org
baikal-journal.ru
barista-example.roblox.com
barista.roblox.com
bato.to
bbc.co.uk
bbc.com
bbci.co.uk
bcbits.com
bell-sw.com
bellingcat.com
bestbuy.com
bestchange.ru
bihus.info
billing.api.roblox.com
billing.roblox.com
bitdefender.com
bitnami.com
blackseanews.net
blinkshot.io
blog.roblox.com
bloxcon.roblox.com
bluehost.com
bom1-128-116-104-4.roblox.com
booktracker.org
boominfo.org
booth.pm
booth.pximg.net
bosch.com
boschaftermarket.com
boschautoparts.com
botnadzor.org
brands.roblox.com
brawlstarsgame.com
broadcom.com
broncosportforum.com
bt4gprx.com
btdig.com
btod.com
buanzo.org
buf.build
builds.parsec.app
buymeacoffee.com
byteoversea.com
c0.roblox.com
c1.roblox.com
c2.roblox.com
c3.roblox.com
c4.roblox.com
c5.roblox.com
c6.roblox.com
c7.roblox.com
canva.com
canva.dev
capacitorjs.com
capcut.com
captcha.roblox.com
career.roblox.com
careers.roblox.com
carnegieendowment.org
carrefouruae.com
catalog.roblox.com
cats.com
cbilling.eu
cbilling.vip
cdg2-128-116-13-3.roblox.com
cdn.foundation.roblox.com
cdn.web-platform.io
cdnbunny.org
cdninstagram.com
cdnproviders.roblox.com
cdromance.org
cdw.com
censor.net
censortracker.org
chaos.com
chat.com
chat.openai.com.cdn.cloudflare.net
chat.roblox.com
chatgpt.com
chatmoderation.roblox.com
chatsite.roblox.com
chaturbate.com
cherta.media
chess.com
chesscomfiles.com
chi1-origin.roblox.com
chi3-rlb-bd1.roblox.com
chub.ai
cisco.com
cisecurity.org
citrix.com
civility.roblox.com
clamav.net
clashofclans.com
clashroyaleapp.com
claude.ai
clevelandclinic.org
clickup.com
client-telemetry.roblox.com
clientsettings.api.roblox.com
clientsettings.roblox.com
clientsettingscdn.roblox.com
clip.opus.pro
cloudtorrents.com
cms-media.roblox.com
cms-twdigitalassets.com
cnd2exp.online
cock.li
code.gist.build
codeium.com
coingate.com
coinpayments.net
coinsbee.com
coldfilm.city
coldfilm.ink
coldfilm.xyz
colta.ru
community.roblox.com
community.sophos.com
confluence.roblox.com
connect.ngrok-agent.com
contabo.com
contacts.roblox.com
content.roblox.com
contentstore.roblox.com
coomer.su
copilot.microsoft.com
corp.roblox.com
corporate.roblox.com
corsair.com
coursera.org
cpu-monkey.com
create.roblox.com
creator.roblox.com
credly.com
croxyproxy.com
crunchyroll.com
css.rbxcdn.com
css.roblox.com
csskor.ill.in.ua
cub.red
currenttime.tv
cursorinfo.co.il
cvedetails.com
cyberghostvpn.com
cyxymu.info
daemon-tools.cc
dailylviv.com
danbooru.donmai.us
data-cdn.mbamupdates.com
data.cline.bot
data.roblox.com
db133.chi1.roblox.com
de.roblox.com
decrypt.day
deepl.com
deepstatemap.live
deezer.com
delfi.lt
delfi.lv
delivery.2d.net.co
dell.com
dellcdn.com
depositphotos.com
designer.microsoft.com
designify.com
develop.roblox.com
developer.nvidia.com
devexpress.com
devforum.roblox.com
deviantart.com
dfw1-128-116-125-3.roblox.com
dfw1-128-116-125-4.roblox.com
dfw2-128-116-95-3.roblox.com
diabrowser.com
digash.live
digikey.com
digitalcontent.sky
digitalocean.com
dis.gd
discord-activities.com
discord-attachments-uploads-prd.storage.googleapis.com
discord.co
discord.com
discord.design
discord.dev
discord.gg
discord.gift
discord.gifts
discord.media
discord.new
discord.store
discord.tools
discordactivities.com
discordapp.com
discordapp.net
discordmerch.com
discordpartygames.com
discordsays.com
discours.io
disctech.com
discussions.roblox.com
disneyplus.com
docs-cdn.roblox.com
docs.liquibase.com
docsiteassets.roblox.com
dorama.live
doramalive.ru
doramy.club
dovod.online
download3.omnissa.com
doxa.team
dpidetector.org
dr-test.roblox.com
dreamhost.com
ducati.com
dumka.media
durablecounters.api.roblox.com
dw.com
dyson.com
e-hentai.org
e621.net
easydmarc.com
echofm.online
economy.roblox.com
economycreatorstats.roblox.com
economystats.roblox.com
ecsv2.roblox.com
edge-term-cdg2.roblox.com
edge-term-iad2.roblox.com
edge-term-mia4.roblox.com
edge-term-test.roblox.com
edge-term4-ams2.roblox.com
edge-term4-ash3.roblox.com
edge-term4-atl1.roblox.com
edge-term4-bom1.roblox.com
edge-term4-cdg2.roblox.com
edge-term4-dfw2.roblox.com
edge-term4-fra2.roblox.com
edge-term4-fra4.roblox.com
edge-term4-iad4.roblox.com
edge-term4-lax2.roblox.com
edge-term4-lax4.roblox.com
edge-term4-lga2.roblox.com
edge-term4-lhr2.roblox.com
edge-term4-mia2.roblox.com
edge-term4-mia4.roblox.com
edge-term4-nrt2.roblox.com
edge-term4-ord2.roblox.com
edge-term4-sea1.roblox.com
edge-term4-sin2.roblox.com
edge-term4-sin4.roblox.com
edge-term4-waw1.roblox.com
edge-term4.roblox.com
edge.roblox.com
editorx.com
edu-cisco.org
education.roblox.com
eduforum.roblox.com
ef.com
ef.edu
eggertspiele.de
ej.ru
ekhokavkaza.com
element14.com
elements.envato.com
elevenlabs.io
email.recruiting.roblox.com
en.help.roblox.com
eneba.com
engagementpayouts.roblox.com
ephemeralcounters-split.api.roblox.com
epidemz.net.co
eporner.com
es.roblox.com
espreso.tv
etahub.com
etsy.com
euronews.com
euroradio.fm
eutrp.eu
events.roblox.com
everand.com
exchanger.bits.media
exler.ru
expandrive.com
expres.online
extremetech.com
f1.com
f95-zone.to
facebook.com
facebook.net
fansly.com
fast-torrent.club
fast.com
fb.com
fbcdn.net
fbsbx.com
ficbook.net
filebin.net
files.api.roblox.com
filmitorrent.net
filmix.ac
filmix.biz
filmix.day
filmix.fm
filmix.la
flibusta.is
flibusta.net
flipboard.com
flir.com
flir.eu
flisland.net
flourish.studio
fls.guru
fluke.com
flukenetworks.com
flyertalk.com
fn-volga.ru
followings.roblox.com
fonge.org
fonts.roblox.com
footballapi.pulselive.com
force-user-content.com
force.com
forklog.com
formula1.com
fortanga.org
forum.netgate.com
forum.roblox.com
forum.ru-board.com
foundation.roblox.com
foxnews.com
fr.roblox.com
fra1-128-116-123-3.roblox.com
fra2-128-116-123-3.roblox.com
fra2-128-116-123-8.roblox.com
fra4-128-116-44-3.roblox.com
framer.com
freedomletters.org
freeimages.com
freemedia.io
freeones.com
friends.api.roblox.com
friends.roblox.com
friendsite.roblox.com
fxnetworks.com
g2a.com
gagadget.com
gamecounters.api.roblox.com
gamedistribution.com
gameinstances.api.roblox.com
gamejoin.roblox.com
gamepasses.roblox.com
gamepersistence.api.roblox.com
gamepersistence.roblox.com
games.api.roblox.com
games.roblox.com
gamesearch.api.roblox.com
gamesite.roblox.com
gamesrepack.com
gamestop.com
gaming.amazon.com
geforcenow.com
gelbooru.com
genspark.ai
geolocation.onetrust.com
germania.one
getoutline.com
getoutline.org
gfn.am
ggpht.com
ghostrc.game.idtech.services
gifyu.com
glavred.info
glavred.net
global.fncstatic.com
global.platform.seconddinnertech.com
glpals.com
godaddy.com
gofile.io
gofundme.com
gold-rlb1.roblox.com
gold.roblox.com
golden.roblox.com
golosameriki.com
gonitro.com
goodreads.com
googlevideo.com
gpsonextra.net
gpu-monkey.com
gql.twitch.tv
gr-assets.com
grafana.com
grani.ru
graty.me
graylog.org
grizzlysms.com
grok.com
groq.com
groupon.com
groups.roblox.com
groupsmoderation.roblox.com
guilded.gg
gulagu.net
habr.com
hackernoon.com
hackmd.io
halooglasi.com
hashicorp.com
haydaygame.com
hbomax.com
hc-ping.com
hchk.io
hd-rezka.tv
hdkinoteatr.com
hdrezka.ac
hdrezka.ag
hdrezka.app
hdrezka.me
hdrezka.tech
hdrezka.tv
hdrzk.org
hdstudio.org
healthline.com
help.roblox.com
hentai-foundry.com
herokucdn.com
hetzner.com
hitomi.la
hkg1-128-116-118-3.roblox.com
hollisterco.com
holod.media
home-connect.com
home.by.me
hostgator.com
hostinger.com
hotels.com
housebrand.com
hqporner.com
hromadske.ua
hs.fi
htmhell.dev
hume.ai
hybrid-analysis.com
i.sakh.com
iad2-128-116-56-3.roblox.com
iad4-128-116-102-3.roblox.com
ibm.com
ibytedtos.com
idelreal.org
iditelesombase.org
iedb.org
ig.me
ign.com
iherb.com
iichan.hk
ikea.com
ilook.tv
image.tmdb.org
images.rbxcdn.com
images.roblox.com
imgur.com
important-stories.com
indeed.com
indiehackers.com
infineon.com
influencers.roblox.com
infrastructure.roblox.com
insearch.site
instagram.com
install.launcher.omniverse.nvidia.com
intel.com
intel.de
intel.nl
intelix.sophos.com
interactivebrokers.co.uk
interfax.com.ua
internalfb.com
intuit.com
intuitibits.com
inventory.roblox.com
ionos.com
iptv.online
ir.roblox.com
is.fi
istories.media
itch.io
itemconfiguration.roblox.com
itninja.com
itsmycity.ru
jamf.com
jetbrains.com
jetbrains.space
jira.roblox.com
jnn-pa.googleapis.com
job.roblox.com
jobs.roblox.com
js.rbxcdn.com
js.roblox.com
jskor.ill.in.ua
jut-su.net
jut.su
jw-russia.org
jw.org
kaktus.media
kaleido.ai
kamatera.com
kara.su
kasparov.ru
kavkaz-uzel.eu
kavkazr.com
kemono.su
keysight.com
kino.pub
kinogo.ec
kinogo.la
kinogo.uk
kinopub.me
kinovod.net
kinozal.guru
kinozal.me
kinozal.tv
kinozaltv.life
kmail-lists.com
knews.kg
knowyourmeme.com
kolsar.org
kor.ill.in.ua
korrespondent.net
kovcheg.live
krymr.com
kupujemprodajem.com
kym-cdn.com
lambdalabs.com
lamcdn.net
langdock.com
lantern.io
lapp229.ra.roblox.com
lapp34.chi1.roblox.com
lapp357.chi1.roblox.com
lapp361.rp.roblox.com
lapp363.rp.roblox.com
lapp445.rp.roblox.com
lapp72.chi1.roblox.com
lapp739.ra.roblox.com
lapp788.ra.roblox.com
lax1-128-116-116-3.roblox.com
lax2-128-116-116-3.roblox.com
lax4-128-116-63-3.roblox.com
lbaas-bronze.roblox.com
lbaas-platinum.roblox.com
lbaas-silver.roblox.com
ldb42.ra.roblox.com
ldoceonline.com
le-production.tv
leafletjs.com
learn.roblox.com
legacy.vpn.ra.roblox.com
lga1-128-116-126-3.roblox.com
lga2-128-116-32-3.roblox.com
lgeapi.com
lgthinq.com
lhr1-128-116-119-3.roblox.com
lhr2-128-116-119-3.roblox.com
libgen.li
licdn.com
lidarr.audio
lifehacker.com
liga.net
lightning.ai
linear.app
linkedin.com
linktr.ee
livetv.sx
liveuamap.com
lms-split.roblox.com
lms.roblox.com
locale.roblox.com
localization.api.roblox.com
localizationtables.roblox.com
locals.md
lolz.guru
lookerstudio.google.com
lostfilm.download
lostfilm.tv
lostfilm.tw
lostfilm.uno
lostfilmtv2.site
lu4.org
lucid.app
m.roblox.com
mail-api.proton.me
mail.roblox.com
mailerlite.com
mailfence.com
mailinator.com
mailo.com
maintenance-gold.roblox.com
maintenance.roblox.com
make.com
malwarebytes.com
mangadex.org
mangahub.ru
mangapark.net
manus.im
manybooks.net
manyvids.com
marketplace.api.roblox.com
marketplace.metrics.roblox.com
marvelsnap.com
mas.metrics.roblox.com
mashable.com
master.metrics.roblox.com
matomo.metrics.roblox.com
matrix.metrics.roblox.com
mattermost.com
max.com
max.metrics.roblox.com
mbk-news.appspot.com
media.metrics.roblox.com
mediazona.ca
medicalnewstoday.com
medium.com
meduza.io
meet.metrics.roblox.com
mega.nz
megapeer.ru
megapeer.vip
member.metrics.roblox.com
membershipsite.roblox.com
merchant.metrics.roblox.com
merezha.co
messagerouter.api.roblox.com
messenger.metrics.roblox.com
meta.com
metacritic.com
metal-archives.com
metla.press
metopera.org
metrics.metrics.roblox.com
metrics.roblox.com
mfa.metrics.roblox.com
mi.metrics.roblox.com
mia2-128-116-127-3.roblox.com
mia4-128-116-45-3.roblox.com
midas.roblox.com
middlewareinventory.com
mignews.com
migrate-bd2-10.roblox.com
migrate-bd2-25.roblox.com
migrate-bd2-5.roblox.com
migrate-bd2-50.roblox.com
migrate-bd2-75.roblox.com
mini-mirror-nc.metrics.roblox.com
minio.metrics.roblox.com
mint.metrics.roblox.com
miracleptr.wordpress.com
misc.roblox.com
mixcloud.com
modrinth.com
mongodb.com
monitor.metrics.roblox.com
monitoring.metrics.roblox.com
monoprice.com
moodle.metrics.roblox.com
more.fm
moscowtimes.ru
mouser.com
mouser.fi
msg.metrics.roblox.com
msoid.metrics.roblox.com
mssg.me
mssql.metrics.roblox.com
mullvad.net
multporn.net
muscdn.com
music.metrics.roblox.com
music.roblox.com
musical.ly
musixmatch.com
mw2.wiki
mx3.metrics.roblox.com
myanimelist.net
mydoramy.club
myheritage.com
myjetbrains.com
myparallels.com
myqrcode.com
na.metrics.roblox.com
nagios-nc.metrics.roblox.com
nas.metrics.roblox.com
navalny.com
nba.com
ncs.roblox.com
neformat.com.ua
neo4j.com
nessus.metrics.roblox.com
net.metrics.roblox.com
netacad.com
netapp.com
netflix.ca
netflix.com
netflix.net
netflixinvestor.com
netflixtechblog.com
netlify.com
network-nc.metrics.roblox.com
network.metrics.roblox.com
networksolutions.com
newark.com
news.google.com
news.metrics.roblox.com
news.roblox.com
newsroom.porsche.com
newsru.co.il
newsru.com
newtimes.ru
nfl.com
nflx.metrics.roblox.com
nflxext.com
nflximg.com
nflximg.net
nflxsearch.net
nflxso.net
nflxvideo.net
nginx.metrics.roblox.com
ngrok.com
nhentai.com
nhentai.net
nhl.com
nih.gov
nike.com
nippon.com
nitropdf.com
nl.metrics.roblox.com
nl.roblox.com
nms.metrics.roblox.com
nnmclub.to
nnmstatic.win
nordaccount.com
nordcdn.com
nordvpn.com
notepad-plus-plus.org
notifications.roblox.com
notificationsite.roblox.com
notion-emojis.s3-us-west-2.amazonaws.com
notion-static.com
notion.com
notion.new
notion.site
notion.so
nova-novncproxy-nc.metrics.roblox.com
novaline.fm
novaya.no
novayagazeta.eu
novayagazeta.ru
novyny.live
nrt-gw.vpn.cn.roblox.com
nrt2-128-116-120-3.roblox.com
ns.metrics.roblox.com
ns01.metrics.roblox.com
ns02.metrics.roblox.com
ns3.metrics.roblox.com
ns4.metrics.roblox.com
ntc.party
ntp.msn.com
nude-moon.org
null.roblox.com
nxp.com
oaistatic.com
oaiusercontent.com
oauth.metrics.roblox.com
object-store-nc.metrics.roblox.com
obozrevatel.com
ocs.metrics.roblox.com
ocstore.com
oculus.com
ohmyswift.ru
oi.legal
okx.com
olx.ua
omnissa.com
omv-extras.org
onfastspring.com
onlinesim.io
onshape.com
openai.com
opendata.metrics.roblox.com
openh264.org
openmedia.io
openrouter.ai
opensanctions.org
opensea.io
opentrackr.org
opposition-news.com
opt-out.roblox.com
oracle.com
orchestration-nc.metrics.roblox.com
ord2-128-116-101-3.roblox.com
origin.corp.roblox.com
origin.metrics.roblox.com
outlook.metrics.roblox.com
ovd.info
ovd.legal
ovd.news
ovdinfo.org
ozodi.org
p1.roblox.com
pages.dev
pages.metrics.roblox.com
pan.metrics.roblox.com
pandasecurity.com
panel.metrics.roblox.com
pap.pl
paperpaper.io
paperpaper.ru
parallels.cn
parallels.com
parallels.net
parallelsaccess.com
partners.roblox.com
passwords.roblox.com
patch.metrics.roblox.com
patreon.com
patriot.dp.ua
pay.metrics.roblox.com
pb.wtf
pcgamesn.com
pcmag.com
pda.metrics.roblox.com
penguin.com
penguinrandomhouse.com
periscope.tv
pexels.com
phncdn.com
phncdn.com.sds.rncdn7.com
phoenix.metrics.roblox.com
pilot.metrics.roblox.com
pimpletv.ru
pingdom.com
piratbit.top
piwik.ads.roblox.com
piwik.affiliates.roblox.com
piwik.billing.roblox.com
piwik.career.roblox.com
piwik.careers.roblox.com
piwik.catalog.roblox.com
piwik.content.roblox.com
piwik.data.roblox.com
piwik.de.roblox.com
piwik.edge.roblox.com
piwik.events.roblox.com
piwik.forum.roblox.com
piwik.help.roblox.com
piwik.inventory.roblox.com
piwik.jira.roblox.com
piwik.learn.roblox.com
piwik.lms.roblox.com
piwik.m.roblox.com
piwik.maintenance.roblox.com
piwik.metrics.roblox.com
piwik.portal.roblox.com
piwik.pt.roblox.com
piwik.sales.roblox.com
piwik.search.roblox.com
piwik.setup.roblox.com
piwik.status.roblox.com
piwik.uk.roblox.com
piwik.us-east-1.roblox.com
piwik.vpn.roblox.com
piwik.vpn2.roblox.com
piwik.www.roblox.com
pkgs.tailscale.com
pkio.metrics.roblox.com
pl.metrics.roblox.com
placement-nc.metrics.roblox.com
platform.activestate.com
platform.metrics.roblox.com
platinum.roblox.com
play.metrics.roblox.com
playboy.com
plugshare.com
po.metrics.roblox.com
poc.metrics.roblox.com
points.roblox.com
polit.ru
politico.eu
politiken.dk
polls.roblox.com
polymarket.com
pornhub.com
pornhub.org
pornolab.net
portal.lviv.ua
portal.roblox.com
portalapp.metrics.roblox.com
posle.media
post.metrics.roblox.com
posthog.com
postimees.ee
pravda.com
pravda.com.ua
pre.metrics.roblox.com
premierleague.com
premium.roblox.com
premiumfeatures.roblox.com
presence.roblox.com
press.metrics.roblox.com
primevideo.com
private.metrics.roblox.com
privatekeys.pw
privatemessages.roblox.com
prnt.sc
proactivebackend-pa.googleapis.com
prod.docsiteassets.roblox.com
prod.metrics.roblox.com
production-openaicom-storage.azureedge.net
proekt.media
project.metrics.roblox.com
projects.metrics.roblox.com
promotions.roblox.com
prosleduetmedia.com
prostovpn.org
proton.me
protonvpn.com
provereno.media
prowlarr.com
proxy.metrics.roblox.com
pscp.tv
psiphon.ca
pt.help.roblox.com
pt.roblox.com
pub.metrics.roblox.com
public.ecs.roblox.com
public.parsec.app
publish.roblox.com
pulsar.roblox.com
punishments.roblox.com
q.metrics.roblox.com
qq.roblox.com
qt.io
queue.metrics.roblox.com
quicknode.com
quiz.metrics.roblox.com
quora.com
quora.com.cdn.cloudflare.net
quote.metrics.roblox.com
qwant.com
r.metrics.roblox.com
r4.err.ee
ra.roblox.com
radiosakharov.org
radiosvoboda.org
radius.metrics.roblox.com
rancher.metrics.roblox.com
raw2nexus.sm.roblox.com
rbc.ua
rblxcdn.roblox.com
rbxcdn.com
rc.metrics.roblox.com
rcs.roblox.com
reactflow.dev
realbooru.com
realist.online
realtime-signalr.roblox.com
realtime.roblox.com
realtime2.roblox.com
realtime3.roblox.com
reate.roblox.com
recraft.ai
reddxxx.com
redgifs.com
redis.io
redislabs.com
redmine.metrics.roblox.com
redshieldvpn.com
refactoring.guru
registration.metrics.roblox.com
registry.metrics.roblox.com
relay1.metrics.roblox.com
release.metrics.roblox.com
remna.st
remove.bg
render-state.to
rentry.co
rentry.org
repo.metrics.roblox.com
reporting.metrics.roblox.com
reports.metrics.roblox.com
repository.metrics.roblox.com
republic.ru
res.metrics.roblox.com
research.net
research.roblox.com
researchpanel.roblox.com
resources.metrics.roblox.com
restream.io
returnyoutubedislikeapi.com
reve.art
review.metrics.roblox.com
rezka-ua.in
rezka.ag
rezka.cc
rezka.fi
rezka.land
rezka.my
rezka.tv
rezkify.com
rezonans.media
rf.dobrochan.net
rferl.org
rightsportal.roblox.com
rima.media
riperam.org
riseup.net
rjobs.roblox.com
rlb.roblox.com
ro.metrics.roblox.com
ro.roblox.com
roar-review.com
roblox-media.roblox.com
roblox.com
roblox.cvom.roblox.com
robux.roblox.com
root-nation.com
root.metrics.roblox.com
roskomsvoboda.org
rp-web4.corp.roblox.com
rp-web8.corp.roblox.com
rss.metrics.roblox.com
rublacklist.net
rule34.art
rule34.us
rule34.xxx
rus.delfi.ee
rus.jauns.lv
ruscryde.net
rustorka.com
rutor.info
rutor.is
rutor.org
rutracker.cc
rutracker.net
rutracker.org
rutracker.wiki
rvap.metrics.roblox.com
s2.metrics.roblox.com
sa.metrics.roblox.com
sakhalin.info
sakharovfoundation.org
sales.roblox.com
salesforce-experience.com
salesforce-hub.com
salesforce-scrt.com
salesforce-setup.com
salesforce-sites.com
salesforce.com
salesforceiq.com
salesforceliveagent.com
sample.metrics.roblox.com
sandbox.metrics.roblox.com
sap.com
sap.metrics.roblox.com
satus.roblox.com
saverudata.net
sci-hub.se
sci-hub.st
scryde.io
scryde.net
scryde.ru
scryde.world
scryde1.net
scryde10.net
scryde11.net
scryde12.net
scryde2.net
scryde3.net
scryde4.net
scryde5.net
scryde6.net
scryde7.net
scryde8.net
scryde9.net
sdxcentral.com
se.metrics.roblox.com
sea1-128-116-100-3.roblox.com
sea1-128-116-115-3.roblox.com
sea1-128-116-99-3.roblox.com
search.api.roblox.com
search.metrics.roblox.com
search.roblox.com
searchfloor.org
seasonvar.ru
securemail.metrics.roblox.com
selezen.org
semnasem.org
semrush.com
sentry.dev
sentry.io
sephora.com
servarr.com
server1.metrics.roblox.com
servers.roblox.com
servicedesk.metrics.roblox.com
services.metrics.roblox.com
services.roblox.com
setup-ak.roblox.com
setup-cf.roblox.com
setup-gametest.roblox.com
setup-sitetest.roblox.com
setup-staging.roblox.com
setup-test.roblox.com
setup.gametest6.roblox.com
setup.roblox.com
severreal.org
sf.metrics.roblox.com
sfdcopens.com
sftp.metrics.roblox.com
share.metrics.roblox.com
share.roblox.com
sharepoint.metrics.roblox.com
shikimori.me
shinyhardware.co.uk
shipyard-nc.metrics.roblox.com
shiza-project.com
shop.gameloft.com
shop.roblox.com
showip.net
sibreal.org
signal.org
signup.metrics.roblox.com
silver.roblox.com
simplex.chat
simplex.im
simplix.info
sin2-128-116-97-3.roblox.com
sin4-128-116-50-3.roblox.com
singlekey-id.com
sip.metrics.roblox.com
sit.metrics.roblox.com
site.com
site.metrics.roblox.com
siteground.com
sitetest1.roblox.com
sjc1-128-116-117-3.roblox.com
skat.media
sketchup.com
skiff.com
skladchik.com
sklatchiki.ru
sky.com
skycdp.com
slashlib.me
slavicsac.com
slifki.biz
smart.metrics.roblox.com
smartbear.co
smartbear.com
smartdeploy.com
smetrics.metrics.roblox.com
sms-activate.io
sms.api.roblox.com
snapgene.com
sndcdn.com
snort.org
snyk.io
sobesednik.com
social.roblox.com
socialauth.roblox.com
solarwinds.com
sonara.ai
sonarqube.metrics.roblox.com
sora.com
sotaproject.com
soundcloud.cloud
soundcloud.com
source.metrics.roblox.com
sovetromantica.com
spacelift.io
speedtest.net
spektr.press
spf1.metrics.roblox.com
spf_20190122.roblox.com
spiceworks.com
spiegel.de
spitfireaudio.com
spotify.com
spreadthesign.com
sputnikipogrom.com
sql.metrics.roblox.com
sqlite.metrics.roblox.com
squadbustersgame.com
squareup.com
squietpc.com
ss.metrics.roblox.com
ssfibdahweadbjkeafba.roblox.com
staff.metrics.roblox.com
stage.metrics.roblox.com
staging.metrics.roblox.com
staging2.metrics.roblox.com
startmail.com
startpage.com
static.lostfilm.top
static.roblox.com
static2.metrics.roblox.com
staticcontent.api.roblox.com
statis.roblox.com
statistics.metrics.roblox.com
statology.org
stats.metrics.roblox.com
status.metrics.roblox.com
status.roblox.com
steamstat.info
stis.metrics.roblox.com
stores.metrics.roblox.com
storm.metrics.roblox.com
strana.news
strana.today
strava.com
stream.metrics.roblox.com
stud.metrics.roblox.com
student.metrics.roblox.com
style.metrics.roblox.com
suggestqueries.google.com
sun.metrics.roblox.com
supercell.com
supersliv.biz
support.xerox.com
surfshark.com
survey.roblox.com
surveymonkey.com
surveys.metrics.roblox.com
surveyssite.roblox.com
suspilne.media
svidomi.in.ua
svn.metrics.roblox.com
svoboda.org
svoi.kr.ua
svtv.org
sw.metrics.roblox.com
swagger.io
swissinfo.ch
switch.metrics.roblox.com
synoforum.com
sys.metrics.roblox.com
system.metrics.roblox.com
t-invariant.org
t.co
t.email.roblox.com
t0.roblox.com
t0ak.roblox.com
t1.rbxcdn.com
t1.roblox.com
t1ak.roblox.com
t2.roblox.com
t2ak.roblox.com
t3.roblox.com
t3ak.roblox.com
t4.roblox.com
t4ak.roblox.com
t5.roblox.com
t5ak.roblox.com
t6.roblox.com
t6ak.roblox.com
t7.roblox.com
t7ak.roblox.com
ta.metrics.roblox.com
table.metrics.roblox.com
tableau.com
talent.roblox.com
talenthub.roblox.com
talosintelligence.com
target.metrics.roblox.com
tarif.metrics.roblox.com
task.metrics.roblox.com
tasks.metrics.roblox.com
tayga.info
td.metrics.roblox.com
te-st.org
teamviewer.com
techbargains.com
techblog.roblox.com
technic.metrics.roblox.com
telegraf.by
telegraf.news
telegraph.co.uk
telemetr.io
tellapart.com
tempmail.plus
temu.com
terraform.io
test.metrics.roblox.com
test.public.ecs.roblox.com
test2.metrics.roblox.com
textfilter.api.roblox.com
textfilter.roblox.com
the-village.ru
theaudiodb.com
thebarentsobserver.com
thebell.io
theins.press
theins.ru
themes.roblox.com
themoviedb.org
thepiratebay.org
theporndude.com
thetruestory.news
threads.net
threema.ch
thumbnails.roblox.com
thumbnailscoordination.api.roblox.com
thumbnailsresizer.roblox.com
ti.com
tickets.metrics.roblox.com
tidal.com
tik-tokapi.com
tiktok.com
tiktokcdn-eu.com
tiktokcdn-us.com
tiktokcdn.com
tiktokd.net
tiktokd.org
tiktokv.com
tiktokv.eu
tiktokv.us
tiktokw.us
timberland.de
tiptop-vpn.com
titanium.roblox.com
tmdb-image-prod.b-cdn.net
tmdb.com
tmdb.org
tms.metrics.roblox.com
tn.metrics.roblox.com
toolbox.app
tools.metrics.roblox.com
torproject.org
torrenteditor.com
torrentgalaxy.to
tourstat.metrics.roblox.com
tracing.roblox.com
tracking.metrics.roblox.com
trades.roblox.com
trae.ai
traefik.metrics.roblox.com
traffic.metrics.roblox.com
trailblazer.me
trailhead.com
transferwise.com
translation.roblox.com
translationroles.roblox.com
translations.roblox.com
translationsite.roblox.com
trellix.com
tria.ge
trueblackmetalradio.com
truthsocial.com
tsmc.com
tst.metrics.roblox.com
ttwstatic.com
turbobit.net
tuta.com
tuta.io
tutanota.com
tv.metrics.roblox.com
tvfreedom.io
tvrain.ru
tvrain.tv
tw.metrics.roblox.com
tweetdeck.com
twimg.com
twin.me
twinlife-systems.com
twinme.com
twirpx.com
twitpic.com
twitter.biz
twitter.com
twitter.jp
twittercommunity.com
twitterflightschool.com
twitterinc.com
twitteroauth.com
twitterstat.us
twostepverification.roblox.com
twtrdns.net
twttr.com
twttr.net
twvid.com
typing.com
uat.metrics.roblox.com
uaudio.com
ugcvalidationcoordination.api.roblox.com
ui.ill.in.ua
ui.metrics.roblox.com
uiblox.roblox.com
uizard.io
uk.roblox.com
ukdevilz.com
ukr.net
ukr.radio
ukrtelcdn.net
unian.ua
unit.metrics.roblox.com
unscreen.com
unsplash.com
upload.crashes.roblox.com
uptime.metrics.roblox.com
upwork.com
url1454.devforum.roblox.com
us-central-bd1-smoke.roblox.com
us-central-bd1.roblox.com
us-central-default-px.roblox.com
us-central-origin-px.roblox.com
us-central-rlb-bd2-90-2.roblox.com
us-central-rlb-bd2-95.roblox.com
us-east-1.metrics.roblox.com
us-east-1.roblox.com
us-east-bd1.roblox.com
us-east-bd2.roblox.com
usa.one
usatoday.com
user.metrics.roblox.com
usermoderation.roblox.com
users.api.roblox.com
users.roblox.com
usher.ttvnw.net
util198webadmin.ra.roblox.com
util39.ra.roblox.com
v1.metrics.roblox.com
vagrantcloud.com
vb.metrics.roblox.com
vbulletin.metrics.roblox.com
vc.metrics.roblox.com
vdi.metrics.roblox.com
veeam.com
verify.metrics.roblox.com
versioncompatibility-test.api.roblox.com
versioncompatibility.api.roblox.com
verstka.media
vesma.one
vesma.today
vesty.co.il
veteran.metrics.roblox.com
viber.com
vice.com
vine.co
vip.metrics.roblox.com
vipergirls.to
vips.metrics.roblox.com
visualcapitalist.com
vlan.metrics.roblox.com
vm.metrics.roblox.com
vm0.metrics.roblox.com
vm2.metrics.roblox.com
vm3.metrics.roblox.com
vmware.com
vndb.org
voanews.com
voice.roblox.com
voidboost.cc
volkswagen-classic-parts.com
volume-nc.metrics.roblox.com
vot-tak.tv
vpn.cn.roblox.com
vpn.metrics.roblox.com
vpn.ra.roblox.com
vpn.roblox.com
vpn2.metrics.roblox.com
vpn2.ra.roblox.com
vpn2.roblox.com
vpngate.net
vpngen.org
vpnlove.me
vpnpay.io
vps-cb5e82f2.ash1-xboxlive.api.roblox.com
vvwv.roblox.com
vx102.ra.roblox.com
vx34.chi1.roblox.com
vyos.io
w.atwiki.jp
w.roblox.com
walmart.com
wap.metrics.roblox.com
watchguard.com
watermarkremover.io
waw1-128-116-124-3.roblox.com
wbgames.com
we.roblox.com
weather.com
web.roblox.com
web.www.roblox.com
web102.p1t.roblox.com
web103.p1t.roblox.com
web104.p1t.roblox.com
web1061.rp.roblox.com
web108.p1t.roblox.com
web111.p1t.roblox.com
web1136.chi1.roblox.com
web114.p1t.roblox.com
web115.p1t.roblox.com
web1159.rp.roblox.com
web117.p1t.roblox.com
web120.p1t.roblox.com
web1203.rp.roblox.com
web121.p1t.roblox.com
web1226.chi1.roblox.com
web124.p1t.roblox.com
web125.p1t.roblox.com
web1271.rp.roblox.com
web1483.chi1.roblox.com
web1499.chi1.roblox.com
web1611.chi1.roblox.com
web1683.chi1.roblox.com
web1757.chi1.roblox.com
web203.ra.roblox.com
web204.chi1.roblox.com
web204.ra.roblox.com
web205.ra.roblox.com
web206.ra.roblox.com
web207.ra.roblox.com
web208.ra.roblox.com
web209.ra.roblox.com
web210.ra.roblox.com
web211.ra.roblox.com
web212.ra.roblox.com
web213.ra.roblox.com
web214.ra.roblox.com
web215.ra.roblox.com
web228.chi1.roblox.com
web229.ra.roblox.com
web230.ra.roblox.com
web231.ra.roblox.com
web234.ra.roblox.com
web239.ra.roblox.com
web240.ra.roblox.com
web242.ra.roblox.com
web243.ra.roblox.com
web244.ra.roblox.com
web246.ra.roblox.com
web247.ra.roblox.com
web248.ra.roblox.com
web249.ra.roblox.com
web251.ra.roblox.com
web252.ra.roblox.com
web253.ra.roblox.com
web254.chi1.roblox.com
web254.ra.roblox.com
web256.ra.roblox.com
web288.ra.roblox.com
web290.ra.roblox.com
web326.ra.roblox.com
web332.ra.roblox.com
web468.chi1.roblox.com
web471.rp.roblox.com
web527.rp.roblox.com
web732.chi1.roblox.com
web755.chi1.roblox.com
web9.sm.roblox.com
webapp.metrics.roblox.com
webblox.roblox.com
webconf.metrics.roblox.com
webdisk.metrics.roblox.com
webhook.metrics.roblox.com
webmail.metrics.roblox.com
webmd.com
webnames.ca
webserver.metrics.roblox.com
webservice.metrics.roblox.com
webservices.metrics.roblox.com
website.metrics.roblox.com
webtoons.com
wee.roblox.com
weebly.com
week.metrics.roblox.com
welcome.metrics.roblox.com
welt.de
white.metrics.roblox.com
wide-youtube.l.google.com
widgetapp.stream
wiki.fextralife.com
wiki.roblox.com
wikiblog.roblox.com
wikidot.com
wilsoncenter.org
windows10spotlight.com
windsurf.com
wise.com
wonderzine.com
wow.roblox.com
wpengine.com
ws.metrics.roblox.com
ws1.metrics.roblox.com
wunderground.com
wvv.roblox.com
wvw.roblox.com
ww.roblox.com
ww2.metrics.roblox.com
wwg.roblox.com
wwsw.roblox.com
www-acc.metrics.roblox.com
www-gold.roblox.com
www.assetgame.roblox.com
www.careers.roblox.com
www.confluence.roblox.com
www.content.roblox.com
www.corp.roblox.com
www.developer.roblox.com
www.devforum.roblox.com
www.en.help.roblox.com
www.events.roblox.com
www.games.api.roblox.com
www.gametest6.roblox.com
www.jira.roblox.com
www.m.roblox.com
www.py.roblox.com
www.roblox.com
www.status.roblox.com
www.survey.roblox.com
www.vpn.cn.roblox.com
www.vpn.roblox.com
www.wiki.roblox.com
www.www2.roblox.com
www0.metrics.roblox.com
www1.metrics.roblox.com
www2.metrics.roblox.com
www3.corsair.com
www3.metrics.roblox.com
www4.metrics.roblox.com
wwwdev.metrics.roblox.com
wwwe.roblox.com
wwwtest.metrics.roblox.com
wwww.metrics.roblox.com
wwww0.metrics.roblox.com
x.ai
x.com
xboxlive.api.roblox.com
xbrl.metrics.roblox.com
xhamster.com
xhamsterlive.com
xhcdn.com
xn--www-rp0a.roblox.com
xnxx-cdn.com
xnxx.com
xnxx.net
xnxx.tv
xnxx3.com
xsts.auth.xboxlive.com
xtracloud.net
xv-ru.com
xvideos-cdn.com
xvideos.com
xww.roblox.com
yande.re
yeggi.com
yle.fi
youtrack.cloud
youtu.be
youtube-nocookie.com
youtube-ui.l.google.com
youtube.com
youtubeembeddedplayer.googleapis.com
youtubei.googleapis.com
youtubekids.com
yt-video-upload.l.google.com
yt.be
yt3.googleusercontent.com
ytimg.com
ytimg.l.google.com
yting.com
yummyani.me
yww.roblox.com
z.metrics.roblox.com
zabbix.metrics.roblox.com
zahav.ru
zapier.com
zaxid.net
zbigz.com
zedge.net
zendesk.com
zendeskverification.roblox.com
zerkalo.io
zona.media
zone.metrics.roblox.com
