DOMAIN-SUFFIX,.ua
DOMAIN-SUFFIX,10minutemail.com
DOMAIN-SUFFIX,1337x.to
DOMAIN-SUFFIX,24.kg
DOMAIN-SUFFIX,4freerussia.org
DOMAIN-SUFFIX,4pda.to
DOMAIN-SUFFIX,4pda.ws
DOMAIN-SUFFIX,4pna.com
DOMAIN-SUFFIX,5sim.net
DOMAIN-SUFFIX,7dniv.rv.ua
DOMAIN-SUFFIX,7tv.app
DOMAIN-SUFFIX,7tv.io
DOMAIN-SUFFIX,9tv.co.il
DOMAIN-SUFFIX,abercrombie.com
DOMAIN-SUFFIX,abook-club.ru
DOMAIN-SUFFIX,abtesting.roblox.com
DOMAIN-SUFFIX,academy.terrasoft.ua
DOMAIN-SUFFIX,accountinformation.roblox.com
DOMAIN-SUFFIX,accountsettings.roblox.com
DOMAIN-SUFFIX,activatica.org
DOMAIN-SUFFIX,adconfiguration.roblox.com
DOMAIN-SUFFIX,adguard.com
DOMAIN-SUFFIX,adidas.com
DOMAIN-SUFFIX,adminforge.de
DOMAIN-SUFFIX,adobe.com
DOMAIN-SUFFIX,ads-twitter.com
DOMAIN-SUFFIX,ads.roblox.com
DOMAIN-SUFFIX,adultmult.tv
DOMAIN-SUFFIX,advertise.roblox.com
DOMAIN-SUFFIX,affiliates.roblox.com
DOMAIN-SUFFIX,agents.media
DOMAIN-SUFFIX,ahrefs.com
DOMAIN-SUFFIX,ai-chat.bsg.brave.com
DOMAIN-SUFFIX,ai.com
DOMAIN-SUFFIX,aircanada.com
DOMAIN-SUFFIX,akc.org
DOMAIN-SUFFIX,aliastest.roblox.com
DOMAIN-SUFFIX,allegro.pl
DOMAIN-SUFFIX,alphacoders.com
DOMAIN-SUFFIX,altdevforum.roblox.com
DOMAIN-SUFFIX,alza.hu
DOMAIN-SUFFIX,amazfitwatchfaces.com
DOMAIN-SUFFIX,amdm.ru
DOMAIN-SUFFIX,amedia.site
DOMAIN-SUFFIX,amnezia.org
DOMAIN-SUFFIX,amplitude.com
DOMAIN-SUFFIX,ams2-128-116-21-3.roblox.com
DOMAIN-SUFFIX,amx.com
DOMAIN-SUFFIX,analog.com
DOMAIN-SUFFIX,andrevi.ch
DOMAIN-SUFFIX,anidub.com
DOMAIN-SUFFIX,anilib.me
DOMAIN-SUFFIX,anilibria.org
DOMAIN-SUFFIX,anilibria.tv
DOMAIN-SUFFIX,anilibria.uno
DOMAIN-SUFFIX,anilibria.wtf
DOMAIN-SUFFIX,animaunt.org
DOMAIN-SUFFIX,anime-portal.su
DOMAIN-SUFFIX,animebest.org
DOMAIN-SUFFIX,animedia.tv
DOMAIN-SUFFIX,animego.org
DOMAIN-SUFFIX,animespirit.ru
DOMAIN-SUFFIX,anistar.org
DOMAIN-SUFFIX,anistars.ru
DOMAIN-SUFFIX,annas-archive.org
DOMAIN-SUFFIX,ansys.com
DOMAIN-SUFFIX,anthropic.com
DOMAIN-SUFFIX,aol.com
DOMAIN-SUFFIX,api.jetbrains.ai
DOMAIN-SUFFIX,api.service-kp.com
DOMAIN-SUFFIX,api.theins.info
DOMAIN-SUFFIX,api.themoviedb.org
DOMAIN-SUFFIX,apicontrolplane.api.roblox.com
DOMAIN-SUFFIX,apis.rcs.roblox.com
DOMAIN-SUFFIX,apis.roblox.com
DOMAIN-SUFFIX,apkmirror.com
DOMAIN-SUFFIX,app.zerossl.com
DOMAIN-SUFFIX,app2.ra.roblox.com
DOMAIN-SUFFIX,app49.chi1.roblox.com
DOMAIN-SUFFIX,app68.chi1.roblox.com
DOMAIN-SUFFIX,arbat.media
DOMAIN-SUFFIX,arc.net
DOMAIN-SUFFIX,archive.ph
DOMAIN-SUFFIX,archiveofourown.org
DOMAIN-SUFFIX,arkoselabs.roblox.com
DOMAIN-SUFFIX,as6723.net
DOMAIN-SUFFIX,ash1-128-116-114-3.roblox.com
DOMAIN-SUFFIX,ash1-rlb-bd1.roblox.com
DOMAIN-SUFFIX,assetdelivery-split.roblox.com
DOMAIN-SUFFIX,assetdelivery.roblox.com
DOMAIN-SUFFIX,assetgame.roblox.com
DOMAIN-SUFFIX,assets.heroku.com
DOMAIN-SUFFIX,atl1-128-116-99-3.roblox.com
DOMAIN-SUFFIX,atlassian.com
DOMAIN-SUFFIX,atn.ua
DOMAIN-SUFFIX,att.com
DOMAIN-SUFFIX,attachments.f95zone.to
DOMAIN-SUFFIX,audiobookbay.lu
DOMAIN-SUFFIX,auth.roblox.com
DOMAIN-SUFFIX,authorize.roblox.com
DOMAIN-SUFFIX,authsite.roblox.com
DOMAIN-SUFFIX,autodesk.com
DOMAIN-SUFFIX,avatar.api.roblox.com
DOMAIN-SUFFIX,avatar.roblox.com
DOMAIN-SUFFIX,avatarsite.roblox.com
DOMAIN-SUFFIX,avira.com
DOMAIN-SUFFIX,azathabar.com
DOMAIN-SUFFIX,azattyq.org
DOMAIN-SUFFIX,babook.org
DOMAIN-SUFFIX,badges.roblox.com
DOMAIN-SUFFIX,baginya.org
DOMAIN-SUFFIX,baikal-journal.ru
DOMAIN-SUFFIX,barista-example.roblox.com
DOMAIN-SUFFIX,barista.roblox.com
DOMAIN-SUFFIX,bato.to
DOMAIN-SUFFIX,bbc.co.uk
DOMAIN-SUFFIX,bbc.com
DOMAIN-SUFFIX,bbci.co.uk
DOMAIN-SUFFIX,bcbits.com
DOMAIN-SUFFIX,bell-sw.com
DOMAIN-SUFFIX,bellingcat.com
DOMAIN-SUFFIX,bestbuy.com
DOMAIN-SUFFIX,bestchange.ru
DOMAIN-SUFFIX,bihus.info
DOMAIN-SUFFIX,billing.api.roblox.com
DOMAIN-SUFFIX,billing.roblox.com
DOMAIN-SUFFIX,bitdefender.com
DOMAIN-SUFFIX,bitnami.com
DOMAIN-SUFFIX,blackseanews.net
DOMAIN-SUFFIX,blinkshot.io
DOMAIN-SUFFIX,blog.roblox.com
DOMAIN-SUFFIX,bloxcon.roblox.com
DOMAIN-SUFFIX,bluehost.com
DOMAIN-SUFFIX,bom1-128-116-104-4.roblox.com
DOMAIN-SUFFIX,booktracker.org
DOMAIN-SUFFIX,boominfo.org
DOMAIN-SUFFIX,booth.pm
DOMAIN-SUFFIX,booth.pximg.net
DOMAIN-SUFFIX,bosch.com
DOMAIN-SUFFIX,boschaftermarket.com
DOMAIN-SUFFIX,boschautoparts.com
DOMAIN-SUFFIX,botnadzor.org
DOMAIN-SUFFIX,brands.roblox.com
DOMAIN-SUFFIX,brawlstarsgame.com
DOMAIN-SUFFIX,broadcom.com
DOMAIN-SUFFIX,broncosportforum.com
DOMAIN-SUFFIX,bt4gprx.com
DOMAIN-SUFFIX,btdig.com
DOMAIN-SUFFIX,btod.com
DOMAIN-SUFFIX,buanzo.org
DOMAIN-SUFFIX,buf.build
DOMAIN-SUFFIX,builds.parsec.app
DOMAIN-SUFFIX,buymeacoffee.com
DOMAIN-SUFFIX,byteoversea.com
DOMAIN-SUFFIX,c0.roblox.com
DOMAIN-SUFFIX,c1.roblox.com
DOMAIN-SUFFIX,c2.roblox.com
DOMAIN-SUFFIX,c3.roblox.com
DOMAIN-SUFFIX,c4.roblox.com
DOMAIN-SUFFIX,c5.roblox.com
DOMAIN-SUFFIX,c6.roblox.com
DOMAIN-SUFFIX,c7.roblox.com
DOMAIN-SUFFIX,canva.com
DOMAIN-SUFFIX,canva.dev
DOMAIN-SUFFIX,capacitorjs.com
DOMAIN-SUFFIX,capcut.com
DOMAIN-SUFFIX,captcha.roblox.com
DOMAIN-SUFFIX,career.roblox.com
DOMAIN-SUFFIX,careers.roblox.com
DOMAIN-SUFFIX,carnegieendowment.org
DOMAIN-SUFFIX,carrefouruae.com
DOMAIN-SUFFIX,catalog.roblox.com
DOMAIN-SUFFIX,cats.com
DOMAIN-SUFFIX,cbilling.eu
DOMAIN-SUFFIX,cbilling.vip
DOMAIN-SUFFIX,cdg2-128-116-13-3.roblox.com
DOMAIN-SUFFIX,cdn.foundation.roblox.com
DOMAIN-SUFFIX,cdn.web-platform.io
DOMAIN-SUFFIX,cdnbunny.org
DOMAIN-SUFFIX,cdninstagram.com
DOMAIN-SUFFIX,cdnproviders.roblox.com
DOMAIN-SUFFIX,cdromance.org
DOMAIN-SUFFIX,cdw.com
DOMAIN-SUFFIX,censor.net
DOMAIN-SUFFIX,censortracker.org
DOMAIN-SUFFIX,chaos.com
DOMAIN-SUFFIX,chat.com
DOMAIN-SUFFIX,chat.openai.com.cdn.cloudflare.net
DOMAIN-SUFFIX,chat.roblox.com
DOMAIN-SUFFIX,chatgpt.com
DOMAIN-SUFFIX,chatmoderation.roblox.com
DOMAIN-SUFFIX,chatsite.roblox.com
DOMAIN-SUFFIX,chaturbate.com
DOMAIN-SUFFIX,cherta.media
DOMAIN-SUFFIX,chess.com
DOMAIN-SUFFIX,chesscomfiles.com
DOMAIN-SUFFIX,chi1-origin.roblox.com
DOMAIN-SUFFIX,chi3-rlb-bd1.roblox.com
DOMAIN-SUFFIX,chub.ai
DOMAIN-SUFFIX,cisco.com
DOMAIN-SUFFIX,cisecurity.org
DOMAIN-SUFFIX,citrix.com
DOMAIN-SUFFIX,civility.roblox.com
DOMAIN-SUFFIX,clamav.net
DOMAIN-SUFFIX,clashofclans.com
DOMAIN-SUFFIX,clashroyaleapp.com
DOMAIN-SUFFIX,claude.ai
DOMAIN-SUFFIX,clevelandclinic.org
DOMAIN-SUFFIX,clickup.com
DOMAIN-SUFFIX,client-telemetry.roblox.com
DOMAIN-SUFFIX,clientsettings.api.roblox.com
DOMAIN-SUFFIX,clientsettings.roblox.com
DOMAIN-SUFFIX,clientsettingscdn.roblox.com
DOMAIN-SUFFIX,clip.opus.pro
DOMAIN-SUFFIX,cloudtorrents.com
DOMAIN-SUFFIX,cms-media.roblox.com
DOMAIN-SUFFIX,cms-twdigitalassets.com
DOMAIN-SUFFIX,cnd2exp.online
DOMAIN-SUFFIX,cock.li
DOMAIN-SUFFIX,code.gist.build
DOMAIN-SUFFIX,codeium.com
DOMAIN-SUFFIX,coingate.com
DOMAIN-SUFFIX,coinpayments.net
DOMAIN-SUFFIX,coinsbee.com
DOMAIN-SUFFIX,coldfilm.city
DOMAIN-SUFFIX,coldfilm.ink
DOMAIN-SUFFIX,coldfilm.xyz
DOMAIN-SUFFIX,colta.ru
DOMAIN-SUFFIX,community.roblox.com
DOMAIN-SUFFIX,community.sophos.com
DOMAIN-SUFFIX,confluence.roblox.com
DOMAIN-SUFFIX,connect.ngrok-agent.com
DOMAIN-SUFFIX,contabo.com
DOMAIN-SUFFIX,contacts.roblox.com
DOMAIN-SUFFIX,content.roblox.com
DOMAIN-SUFFIX,contentstore.roblox.com
DOMAIN-SUFFIX,coomer.su
DOMAIN-SUFFIX,copilot.microsoft.com
DOMAIN-SUFFIX,corp.roblox.com
DOMAIN-SUFFIX,corporate.roblox.com
DOMAIN-SUFFIX,corsair.com
DOMAIN-SUFFIX,coursera.org
DOMAIN-SUFFIX,cpu-monkey.com
DOMAIN-SUFFIX,create.roblox.com
DOMAIN-SUFFIX,creator.roblox.com
DOMAIN-SUFFIX,credly.com
DOMAIN-SUFFIX,croxyproxy.com
DOMAIN-SUFFIX,crunchyroll.com
DOMAIN-SUFFIX,css.rbxcdn.com
DOMAIN-SUFFIX,css.roblox.com
DOMAIN-SUFFIX,csskor.ill.in.ua
DOMAIN-SUFFIX,cub.red
DOMAIN-SUFFIX,currenttime.tv
DOMAIN-SUFFIX,cursorinfo.co.il
DOMAIN-SUFFIX,cvedetails.com
DOMAIN-SUFFIX,cyberghostvpn.com
DOMAIN-SUFFIX,cyxymu.info
DOMAIN-SUFFIX,daemon-tools.cc
DOMAIN-SUFFIX,dailylviv.com
DOMAIN-SUFFIX,danbooru.donmai.us
DOMAIN-SUFFIX,data-cdn.mbamupdates.com
DOMAIN-SUFFIX,data.cline.bot
DOMAIN-SUFFIX,data.roblox.com
DOMAIN-SUFFIX,db133.chi1.roblox.com
DOMAIN-SUFFIX,de.roblox.com
DOMAIN-SUFFIX,decrypt.day
DOMAIN-SUFFIX,deepl.com
DOMAIN-SUFFIX,deepstatemap.live
DOMAIN-SUFFIX,deezer.com
DOMAIN-SUFFIX,delfi.lt
DOMAIN-SUFFIX,delfi.lv
DOMAIN-SUFFIX,delivery.2d.net.co
DOMAIN-SUFFIX,dell.com
DOMAIN-SUFFIX,dellcdn.com
DOMAIN-SUFFIX,depositphotos.com
DOMAIN-SUFFIX,designer.microsoft.com
DOMAIN-SUFFIX,designify.com
DOMAIN-SUFFIX,develop.roblox.com
DOMAIN-SUFFIX,developer.nvidia.com
DOMAIN-SUFFIX,devexpress.com
DOMAIN-SUFFIX,devforum.roblox.com
DOMAIN-SUFFIX,deviantart.com
DOMAIN-SUFFIX,dfw1-128-116-125-3.roblox.com
DOMAIN-SUFFIX,dfw1-128-116-125-4.roblox.com
DOMAIN-SUFFIX,dfw2-128-116-95-3.roblox.com
DOMAIN-SUFFIX,diabrowser.com
DOMAIN-SUFFIX,digash.live
DOMAIN-SUFFIX,digikey.com
DOMAIN-SUFFIX,digitalcontent.sky
DOMAIN-SUFFIX,digitalocean.com
DOMAIN-SUFFIX,dis.gd
DOMAIN-SUFFIX,discord-activities.com
DOMAIN-SUFFIX,discord-attachments-uploads-prd.storage.googleapis.com
DOMAIN-SUFFIX,discord.co
DOMAIN-SUFFIX,discord.com
DOMAIN-SUFFIX,discord.design
DOMAIN-SUFFIX,discord.dev
DOMAIN-SUFFIX,discord.gg
DOMAIN-SUFFIX,discord.gift
DOMAIN-SUFFIX,discord.gifts
DOMAIN-SUFFIX,discord.media
DOMAIN-SUFFIX,discord.new
DOMAIN-SUFFIX,discord.store
DOMAIN-SUFFIX,discord.tools
DOMAIN-SUFFIX,discordactivities.com
DOMAIN-SUFFIX,discordapp.com
DOMAIN-SUFFIX,discordapp.net
DOMAIN-SUFFIX,discordmerch.com
DOMAIN-SUFFIX,discordpartygames.com
DOMAIN-SUFFIX,discordsays.com
DOMAIN-SUFFIX,discours.io
DOMAIN-SUFFIX,disctech.com
DOMAIN-SUFFIX,discussions.roblox.com
DOMAIN-SUFFIX,disneyplus.com
DOMAIN-SUFFIX,docs-cdn.roblox.com
DOMAIN-SUFFIX,docs.liquibase.com
DOMAIN-SUFFIX,docsiteassets.roblox.com
DOMAIN-SUFFIX,dorama.live
DOMAIN-SUFFIX,doramalive.ru
DOMAIN-SUFFIX,doramy.club
DOMAIN-SUFFIX,dovod.online
DOMAIN-SUFFIX,download3.omnissa.com
DOMAIN-SUFFIX,doxa.team
DOMAIN-SUFFIX,dpidetector.org
DOMAIN-SUFFIX,dr-test.roblox.com
DOMAIN-SUFFIX,dreamhost.com
DOMAIN-SUFFIX,ducati.com
DOMAIN-SUFFIX,dumka.media
DOMAIN-SUFFIX,durablecounters.api.roblox.com
DOMAIN-SUFFIX,dw.com
DOMAIN-SUFFIX,dyson.com
DOMAIN-SUFFIX,e-hentai.org
DOMAIN-SUFFIX,e621.net
DOMAIN-SUFFIX,easydmarc.com
DOMAIN-SUFFIX,echofm.online
DOMAIN-SUFFIX,economy.roblox.com
DOMAIN-SUFFIX,economycreatorstats.roblox.com
DOMAIN-SUFFIX,economystats.roblox.com
DOMAIN-SUFFIX,ecsv2.roblox.com
DOMAIN-SUFFIX,edge-term-cdg2.roblox.com
DOMAIN-SUFFIX,edge-term-iad2.roblox.com
DOMAIN-SUFFIX,edge-term-mia4.roblox.com
DOMAIN-SUFFIX,edge-term-test.roblox.com
DOMAIN-SUFFIX,edge-term4-ams2.roblox.com
DOMAIN-SUFFIX,edge-term4-ash3.roblox.com
DOMAIN-SUFFIX,edge-term4-atl1.roblox.com
DOMAIN-SUFFIX,edge-term4-bom1.roblox.com
DOMAIN-SUFFIX,edge-term4-cdg2.roblox.com
DOMAIN-SUFFIX,edge-term4-dfw2.roblox.com
DOMAIN-SUFFIX,edge-term4-fra2.roblox.com
DOMAIN-SUFFIX,edge-term4-fra4.roblox.com
DOMAIN-SUFFIX,edge-term4-iad4.roblox.com
DOMAIN-SUFFIX,edge-term4-lax2.roblox.com
DOMAIN-SUFFIX,edge-term4-lax4.roblox.com
DOMAIN-SUFFIX,edge-term4-lga2.roblox.com
DOMAIN-SUFFIX,edge-term4-lhr2.roblox.com
DOMAIN-SUFFIX,edge-term4-mia2.roblox.com
DOMAIN-SUFFIX,edge-term4-mia4.roblox.com
DOMAIN-SUFFIX,edge-term4-nrt2.roblox.com
DOMAIN-SUFFIX,edge-term4-ord2.roblox.com
DOMAIN-SUFFIX,edge-term4-sea1.roblox.com
DOMAIN-SUFFIX,edge-term4-sin2.roblox.com
DOMAIN-SUFFIX,edge-term4-sin4.roblox.com
DOMAIN-SUFFIX,edge-term4-waw1.roblox.com
DOMAIN-SUFFIX,edge-term4.roblox.com
DOMAIN-SUFFIX,edge.roblox.com
DOMAIN-SUFFIX,editorx.com
DOMAIN-SUFFIX,edu-cisco.org
DOMAIN-SUFFIX,education.roblox.com
DOMAIN-SUFFIX,eduforum.roblox.com
DOMAIN-SUFFIX,ef.com
DOMAIN-SUFFIX,ef.edu
DOMAIN-SUFFIX,eggertspiele.de
DOMAIN-SUFFIX,ej.ru
DOMAIN-SUFFIX,ekhokavkaza.com
DOMAIN-SUFFIX,element14.com
DOMAIN-SUFFIX,elements.envato.com
DOMAIN-SUFFIX,elevenlabs.io
DOMAIN-SUFFIX,email.recruiting.roblox.com
DOMAIN-SUFFIX,en.help.roblox.com
DOMAIN-SUFFIX,eneba.com
DOMAIN-SUFFIX,engagementpayouts.roblox.com
DOMAIN-SUFFIX,ephemeralcounters-split.api.roblox.com
DOMAIN-SUFFIX,epidemz.net.co
DOMAIN-SUFFIX,eporner.com
DOMAIN-SUFFIX,es.roblox.com
DOMAIN-SUFFIX,espreso.tv
DOMAIN-SUFFIX,etahub.com
DOMAIN-SUFFIX,etsy.com
DOMAIN-SUFFIX,euronews.com
DOMAIN-SUFFIX,euroradio.fm
DOMAIN-SUFFIX,eutrp.eu
DOMAIN-SUFFIX,events.roblox.com
DOMAIN-SUFFIX,everand.com
DOMAIN-SUFFIX,exchanger.bits.media
DOMAIN-SUFFIX,exler.ru
DOMAIN-SUFFIX,expandrive.com
DOMAIN-SUFFIX,expres.online
DOMAIN-SUFFIX,extremetech.com
DOMAIN-SUFFIX,f1.com
DOMAIN-SUFFIX,f95-zone.to
DOMAIN-SUFFIX,facebook.com
DOMAIN-SUFFIX,facebook.net
DOMAIN-SUFFIX,fansly.com
DOMAIN-SUFFIX,fast-torrent.club
DOMAIN-SUFFIX,fast.com
DOMAIN-SUFFIX,fb.com
DOMAIN-SUFFIX,fbcdn.net
DOMAIN-SUFFIX,fbsbx.com
DOMAIN-SUFFIX,ficbook.net
DOMAIN-SUFFIX,filebin.net
DOMAIN-SUFFIX,files.api.roblox.com
DOMAIN-SUFFIX,filmitorrent.net
DOMAIN-SUFFIX,filmix.ac
DOMAIN-SUFFIX,filmix.biz
DOMAIN-SUFFIX,filmix.day
DOMAIN-SUFFIX,filmix.fm
DOMAIN-SUFFIX,filmix.la
DOMAIN-SUFFIX,flibusta.is
DOMAIN-SUFFIX,flibusta.net
DOMAIN-SUFFIX,flipboard.com
DOMAIN-SUFFIX,flir.com
DOMAIN-SUFFIX,flir.eu
DOMAIN-SUFFIX,flisland.net
DOMAIN-SUFFIX,flourish.studio
DOMAIN-SUFFIX,fls.guru
DOMAIN-SUFFIX,fluke.com
DOMAIN-SUFFIX,flukenetworks.com
DOMAIN-SUFFIX,flyertalk.com
DOMAIN-SUFFIX,fn-volga.ru
DOMAIN-SUFFIX,followings.roblox.com
DOMAIN-SUFFIX,fonge.org
DOMAIN-SUFFIX,fonts.roblox.com
DOMAIN-SUFFIX,footballapi.pulselive.com
DOMAIN-SUFFIX,force-user-content.com
DOMAIN-SUFFIX,force.com
DOMAIN-SUFFIX,forklog.com
DOMAIN-SUFFIX,formula1.com
DOMAIN-SUFFIX,fortanga.org
DOMAIN-SUFFIX,forum.netgate.com
DOMAIN-SUFFIX,forum.roblox.com
DOMAIN-SUFFIX,forum.ru-board.com
DOMAIN-SUFFIX,foundation.roblox.com
DOMAIN-SUFFIX,foxnews.com
DOMAIN-SUFFIX,fr.roblox.com
DOMAIN-SUFFIX,fra1-128-116-123-3.roblox.com
DOMAIN-SUFFIX,fra2-128-116-123-3.roblox.com
DOMAIN-SUFFIX,fra2-128-116-123-8.roblox.com
DOMAIN-SUFFIX,fra4-128-116-44-3.roblox.com
DOMAIN-SUFFIX,framer.com
DOMAIN-SUFFIX,freedomletters.org
DOMAIN-SUFFIX,freeimages.com
DOMAIN-SUFFIX,freemedia.io
DOMAIN-SUFFIX,freeones.com
DOMAIN-SUFFIX,friends.api.roblox.com
DOMAIN-SUFFIX,friends.roblox.com
DOMAIN-SUFFIX,friendsite.roblox.com
DOMAIN-SUFFIX,fxnetworks.com
DOMAIN-SUFFIX,g2a.com
DOMAIN-SUFFIX,gagadget.com
DOMAIN-SUFFIX,gamecounters.api.roblox.com
DOMAIN-SUFFIX,gamedistribution.com
DOMAIN-SUFFIX,gameinstances.api.roblox.com
DOMAIN-SUFFIX,gamejoin.roblox.com
DOMAIN-SUFFIX,gamepasses.roblox.com
DOMAIN-SUFFIX,gamepersistence.api.roblox.com
DOMAIN-SUFFIX,gamepersistence.roblox.com
DOMAIN-SUFFIX,games.api.roblox.com
DOMAIN-SUFFIX,games.roblox.com
DOMAIN-SUFFIX,gamesearch.api.roblox.com
DOMAIN-SUFFIX,gamesite.roblox.com
DOMAIN-SUFFIX,gamesrepack.com
DOMAIN-SUFFIX,gamestop.com
DOMAIN-SUFFIX,gaming.amazon.com
DOMAIN-SUFFIX,geforcenow.com
DOMAIN-SUFFIX,gelbooru.com
DOMAIN-SUFFIX,genspark.ai
DOMAIN-SUFFIX,geolocation.onetrust.com
DOMAIN-SUFFIX,germania.one
DOMAIN-SUFFIX,getoutline.com
DOMAIN-SUFFIX,getoutline.org
DOMAIN-SUFFIX,gfn.am
DOMAIN-SUFFIX,ggpht.com
DOMAIN-SUFFIX,ghostrc.game.idtech.services
DOMAIN-SUFFIX,gifyu.com
DOMAIN-SUFFIX,glavred.info
DOMAIN-SUFFIX,glavred.net
DOMAIN-SUFFIX,global.fncstatic.com
DOMAIN-SUFFIX,global.platform.seconddinnertech.com
DOMAIN-SUFFIX,glpals.com
DOMAIN-SUFFIX,godaddy.com
DOMAIN-SUFFIX,gofile.io
DOMAIN-SUFFIX,gofundme.com
DOMAIN-SUFFIX,gold-rlb1.roblox.com
DOMAIN-SUFFIX,gold.roblox.com
DOMAIN-SUFFIX,golden.roblox.com
DOMAIN-SUFFIX,golosameriki.com
DOMAIN-SUFFIX,gonitro.com
DOMAIN-SUFFIX,goodreads.com
DOMAIN-SUFFIX,googlevideo.com
DOMAIN-SUFFIX,gpsonextra.net
DOMAIN-SUFFIX,gpu-monkey.com
DOMAIN-SUFFIX,gql.twitch.tv
DOMAIN-SUFFIX,gr-assets.com
DOMAIN-SUFFIX,grafana.com
DOMAIN-SUFFIX,grani.ru
DOMAIN-SUFFIX,graty.me
DOMAIN-SUFFIX,graylog.org
DOMAIN-SUFFIX,grizzlysms.com
DOMAIN-SUFFIX,grok.com
DOMAIN-SUFFIX,groq.com
DOMAIN-SUFFIX,groupon.com
DOMAIN-SUFFIX,groups.roblox.com
DOMAIN-SUFFIX,groupsmoderation.roblox.com
DOMAIN-SUFFIX,guilded.gg
DOMAIN-SUFFIX,gulagu.net
DOMAIN-SUFFIX,habr.com
DOMAIN-SUFFIX,hackernoon.com
DOMAIN-SUFFIX,hackmd.io
DOMAIN-SUFFIX,halooglasi.com
DOMAIN-SUFFIX,hashicorp.com
DOMAIN-SUFFIX,haydaygame.com
DOMAIN-SUFFIX,hbomax.com
DOMAIN-SUFFIX,hc-ping.com
DOMAIN-SUFFIX,hchk.io
DOMAIN-SUFFIX,hd-rezka.tv
DOMAIN-SUFFIX,hdkinoteatr.com
DOMAIN-SUFFIX,hdrezka.ac
DOMAIN-SUFFIX,hdrezka.ag
DOMAIN-SUFFIX,hdrezka.app
DOMAIN-SUFFIX,hdrezka.me
DOMAIN-SUFFIX,hdrezka.tech
DOMAIN-SUFFIX,hdrezka.tv
DOMAIN-SUFFIX,hdrzk.org
DOMAIN-SUFFIX,hdstudio.org
DOMAIN-SUFFIX,healthline.com
DOMAIN-SUFFIX,help.roblox.com
DOMAIN-SUFFIX,hentai-foundry.com
DOMAIN-SUFFIX,herokucdn.com
DOMAIN-SUFFIX,hetzner.com
DOMAIN-SUFFIX,hitomi.la
DOMAIN-SUFFIX,hkg1-128-116-118-3.roblox.com
DOMAIN-SUFFIX,hollisterco.com
DOMAIN-SUFFIX,holod.media
DOMAIN-SUFFIX,home-connect.com
DOMAIN-SUFFIX,home.by.me
DOMAIN-SUFFIX,hostgator.com
DOMAIN-SUFFIX,hostinger.com
DOMAIN-SUFFIX,hotels.com
DOMAIN-SUFFIX,housebrand.com
DOMAIN-SUFFIX,hqporner.com
DOMAIN-SUFFIX,hromadske.ua
DOMAIN-SUFFIX,hs.fi
DOMAIN-SUFFIX,htmhell.dev
DOMAIN-SUFFIX,hume.ai
DOMAIN-SUFFIX,hybrid-analysis.com
DOMAIN-SUFFIX,i.sakh.com
DOMAIN-SUFFIX,iad2-128-116-56-3.roblox.com
DOMAIN-SUFFIX,iad4-128-116-102-3.roblox.com
DOMAIN-SUFFIX,ibm.com
DOMAIN-SUFFIX,ibytedtos.com
DOMAIN-SUFFIX,idelreal.org
DOMAIN-SUFFIX,iditelesombase.org
DOMAIN-SUFFIX,iedb.org
DOMAIN-SUFFIX,ig.me
DOMAIN-SUFFIX,ign.com
DOMAIN-SUFFIX,iherb.com
DOMAIN-SUFFIX,iichan.hk
DOMAIN-SUFFIX,ikea.com
DOMAIN-SUFFIX,ilook.tv
DOMAIN-SUFFIX,image.tmdb.org
DOMAIN-SUFFIX,images.rbxcdn.com
DOMAIN-SUFFIX,images.roblox.com
DOMAIN-SUFFIX,imgur.com
DOMAIN-SUFFIX,important-stories.com
DOMAIN-SUFFIX,indeed.com
DOMAIN-SUFFIX,indiehackers.com
DOMAIN-SUFFIX,infineon.com
DOMAIN-SUFFIX,influencers.roblox.com
DOMAIN-SUFFIX,infrastructure.roblox.com
DOMAIN-SUFFIX,insearch.site
DOMAIN-SUFFIX,instagram.com
DOMAIN-SUFFIX,install.launcher.omniverse.nvidia.com
DOMAIN-SUFFIX,intel.com
DOMAIN-SUFFIX,intel.de
DOMAIN-SUFFIX,intel.nl
DOMAIN-SUFFIX,intelix.sophos.com
DOMAIN-SUFFIX,interactivebrokers.co.uk
DOMAIN-SUFFIX,interfax.com.ua
DOMAIN-SUFFIX,internalfb.com
DOMAIN-SUFFIX,intuit.com
DOMAIN-SUFFIX,intuitibits.com
DOMAIN-SUFFIX,inventory.roblox.com
DOMAIN-SUFFIX,ionos.com
DOMAIN-SUFFIX,iptv.online
DOMAIN-SUFFIX,ir.roblox.com
DOMAIN-SUFFIX,is.fi
DOMAIN-SUFFIX,istories.media
DOMAIN-SUFFIX,itch.io
DOMAIN-SUFFIX,itemconfiguration.roblox.com
DOMAIN-SUFFIX,itninja.com
DOMAIN-SUFFIX,itsmycity.ru
DOMAIN-SUFFIX,jamf.com
DOMAIN-SUFFIX,jetbrains.com
DOMAIN-SUFFIX,jetbrains.space
DOMAIN-SUFFIX,jira.roblox.com
DOMAIN-SUFFIX,jnn-pa.googleapis.com
DOMAIN-SUFFIX,job.roblox.com
DOMAIN-SUFFIX,jobs.roblox.com
DOMAIN-SUFFIX,js.rbxcdn.com
DOMAIN-SUFFIX,js.roblox.com
DOMAIN-SUFFIX,jskor.ill.in.ua
DOMAIN-SUFFIX,jut-su.net
DOMAIN-SUFFIX,jut.su
DOMAIN-SUFFIX,jw-russia.org
DOMAIN-SUFFIX,jw.org
DOMAIN-SUFFIX,kaktus.media
DOMAIN-SUFFIX,kaleido.ai
DOMAIN-SUFFIX,kamatera.com
DOMAIN-SUFFIX,kara.su
DOMAIN-SUFFIX,kasparov.ru
DOMAIN-SUFFIX,kavkaz-uzel.eu
DOMAIN-SUFFIX,kavkazr.com
DOMAIN-SUFFIX,kemono.su
DOMAIN-SUFFIX,keysight.com
DOMAIN-SUFFIX,kino.pub
DOMAIN-SUFFIX,kinogo.ec
DOMAIN-SUFFIX,kinogo.la
DOMAIN-SUFFIX,kinogo.uk
DOMAIN-SUFFIX,kinopub.me
DOMAIN-SUFFIX,kinovod.net
DOMAIN-SUFFIX,kinozal.guru
DOMAIN-SUFFIX,kinozal.me
DOMAIN-SUFFIX,kinozal.tv
DOMAIN-SUFFIX,kinozaltv.life
DOMAIN-SUFFIX,kmail-lists.com
DOMAIN-SUFFIX,knews.kg
DOMAIN-SUFFIX,knowyourmeme.com
DOMAIN-SUFFIX,kolsar.org
DOMAIN-SUFFIX,kor.ill.in.ua
DOMAIN-SUFFIX,korrespondent.net
DOMAIN-SUFFIX,kovcheg.live
DOMAIN-SUFFIX,krymr.com
DOMAIN-SUFFIX,kupujemprodajem.com
DOMAIN-SUFFIX,kym-cdn.com
DOMAIN-SUFFIX,lambdalabs.com
DOMAIN-SUFFIX,lamcdn.net
DOMAIN-SUFFIX,langdock.com
DOMAIN-SUFFIX,lantern.io
DOMAIN-SUFFIX,lapp229.ra.roblox.com
DOMAIN-SUFFIX,lapp34.chi1.roblox.com
DOMAIN-SUFFIX,lapp357.chi1.roblox.com
DOMAIN-SUFFIX,lapp361.rp.roblox.com
DOMAIN-SUFFIX,lapp363.rp.roblox.com
DOMAIN-SUFFIX,lapp445.rp.roblox.com
DOMAIN-SUFFIX,lapp72.chi1.roblox.com
DOMAIN-SUFFIX,lapp739.ra.roblox.com
DOMAIN-SUFFIX,lapp788.ra.roblox.com
DOMAIN-SUFFIX,lax1-128-116-116-3.roblox.com
DOMAIN-SUFFIX,lax2-128-116-116-3.roblox.com
DOMAIN-SUFFIX,lax4-128-116-63-3.roblox.com
DOMAIN-SUFFIX,lbaas-bronze.roblox.com
DOMAIN-SUFFIX,lbaas-platinum.roblox.com
DOMAIN-SUFFIX,lbaas-silver.roblox.com
DOMAIN-SUFFIX,ldb42.ra.roblox.com
DOMAIN-SUFFIX,ldoceonline.com
DOMAIN-SUFFIX,le-production.tv
DOMAIN-SUFFIX,leafletjs.com
DOMAIN-SUFFIX,learn.roblox.com
DOMAIN-SUFFIX,legacy.vpn.ra.roblox.com
DOMAIN-SUFFIX,lga1-128-116-126-3.roblox.com
DOMAIN-SUFFIX,lga2-128-116-32-3.roblox.com
DOMAIN-SUFFIX,lgeapi.com
DOMAIN-SUFFIX,lgthinq.com
DOMAIN-SUFFIX,lhr1-128-116-119-3.roblox.com
DOMAIN-SUFFIX,lhr2-128-116-119-3.roblox.com
DOMAIN-SUFFIX,libgen.li
DOMAIN-SUFFIX,licdn.com
DOMAIN-SUFFIX,lidarr.audio
DOMAIN-SUFFIX,lifehacker.com
DOMAIN-SUFFIX,liga.net
DOMAIN-SUFFIX,lightning.ai
DOMAIN-SUFFIX,linear.app
DOMAIN-SUFFIX,linkedin.com
DOMAIN-SUFFIX,linktr.ee
DOMAIN-SUFFIX,livetv.sx
DOMAIN-SUFFIX,liveuamap.com
DOMAIN-SUFFIX,lms-split.roblox.com
DOMAIN-SUFFIX,lms.roblox.com
DOMAIN-SUFFIX,locale.roblox.com
DOMAIN-SUFFIX,localization.api.roblox.com
DOMAIN-SUFFIX,localizationtables.roblox.com
DOMAIN-SUFFIX,locals.md
DOMAIN-SUFFIX,lolz.guru
DOMAIN-SUFFIX,lookerstudio.google.com
DOMAIN-SUFFIX,lostfilm.download
DOMAIN-SUFFIX,lostfilm.tv
DOMAIN-SUFFIX,lostfilm.tw
DOMAIN-SUFFIX,lostfilm.uno
DOMAIN-SUFFIX,lostfilmtv2.site
DOMAIN-SUFFIX,lu4.org
DOMAIN-SUFFIX,lucid.app
DOMAIN-SUFFIX,m.roblox.com
DOMAIN-SUFFIX,mail-api.proton.me
DOMAIN-SUFFIX,mail.roblox.com
DOMAIN-SUFFIX,mailerlite.com
DOMAIN-SUFFIX,mailfence.com
DOMAIN-SUFFIX,mailinator.com
DOMAIN-SUFFIX,mailo.com
DOMAIN-SUFFIX,maintenance-gold.roblox.com
DOMAIN-SUFFIX,maintenance.roblox.com
DOMAIN-SUFFIX,make.com
DOMAIN-SUFFIX,malwarebytes.com
DOMAIN-SUFFIX,mangadex.org
DOMAIN-SUFFIX,mangahub.ru
DOMAIN-SUFFIX,mangapark.net
DOMAIN-SUFFIX,manus.im
DOMAIN-SUFFIX,manybooks.net
DOMAIN-SUFFIX,manyvids.com
DOMAIN-SUFFIX,marketplace.api.roblox.com
DOMAIN-SUFFIX,marketplace.metrics.roblox.com
DOMAIN-SUFFIX,marvelsnap.com
DOMAIN-SUFFIX,mas.metrics.roblox.com
DOMAIN-SUFFIX,mashable.com
DOMAIN-SUFFIX,master.metrics.roblox.com
DOMAIN-SUFFIX,matomo.metrics.roblox.com
DOMAIN-SUFFIX,matrix.metrics.roblox.com
DOMAIN-SUFFIX,mattermost.com
DOMAIN-SUFFIX,max.com
DOMAIN-SUFFIX,max.metrics.roblox.com
DOMAIN-SUFFIX,mbk-news.appspot.com
DOMAIN-SUFFIX,media.metrics.roblox.com
DOMAIN-SUFFIX,mediazona.ca
DOMAIN-SUFFIX,medicalnewstoday.com
DOMAIN-SUFFIX,medium.com
DOMAIN-SUFFIX,meduza.io
DOMAIN-SUFFIX,meet.metrics.roblox.com
DOMAIN-SUFFIX,mega.nz
DOMAIN-SUFFIX,megapeer.ru
DOMAIN-SUFFIX,megapeer.vip
DOMAIN-SUFFIX,member.metrics.roblox.com
DOMAIN-SUFFIX,membershipsite.roblox.com
DOMAIN-SUFFIX,merchant.metrics.roblox.com
DOMAIN-SUFFIX,merezha.co
DOMAIN-SUFFIX,messagerouter.api.roblox.com
DOMAIN-SUFFIX,messenger.metrics.roblox.com
DOMAIN-SUFFIX,meta.com
DOMAIN-SUFFIX,metacritic.com
DOMAIN-SUFFIX,metal-archives.com
DOMAIN-SUFFIX,metla.press
DOMAIN-SUFFIX,metopera.org
DOMAIN-SUFFIX,metrics.metrics.roblox.com
DOMAIN-SUFFIX,metrics.roblox.com
DOMAIN-SUFFIX,mfa.metrics.roblox.com
DOMAIN-SUFFIX,mi.metrics.roblox.com
DOMAIN-SUFFIX,mia2-128-116-127-3.roblox.com
DOMAIN-SUFFIX,mia4-128-116-45-3.roblox.com
DOMAIN-SUFFIX,midas.roblox.com
DOMAIN-SUFFIX,middlewareinventory.com
DOMAIN-SUFFIX,mignews.com
DOMAIN-SUFFIX,migrate-bd2-10.roblox.com
DOMAIN-SUFFIX,migrate-bd2-25.roblox.com
DOMAIN-SUFFIX,migrate-bd2-5.roblox.com
DOMAIN-SUFFIX,migrate-bd2-50.roblox.com
DOMAIN-SUFFIX,migrate-bd2-75.roblox.com
DOMAIN-SUFFIX,mini-mirror-nc.metrics.roblox.com
DOMAIN-SUFFIX,minio.metrics.roblox.com
DOMAIN-SUFFIX,mint.metrics.roblox.com
DOMAIN-SUFFIX,miracleptr.wordpress.com
DOMAIN-SUFFIX,misc.roblox.com
DOMAIN-SUFFIX,mixcloud.com
DOMAIN-SUFFIX,modrinth.com
DOMAIN-SUFFIX,mongodb.com
DOMAIN-SUFFIX,monitor.metrics.roblox.com
DOMAIN-SUFFIX,monitoring.metrics.roblox.com
DOMAIN-SUFFIX,monoprice.com
DOMAIN-SUFFIX,moodle.metrics.roblox.com
DOMAIN-SUFFIX,more.fm
DOMAIN-SUFFIX,moscowtimes.ru
DOMAIN-SUFFIX,mouser.com
DOMAIN-SUFFIX,mouser.fi
DOMAIN-SUFFIX,msg.metrics.roblox.com
DOMAIN-SUFFIX,msoid.metrics.roblox.com
DOMAIN-SUFFIX,mssg.me
DOMAIN-SUFFIX,mssql.metrics.roblox.com
DOMAIN-SUFFIX,mullvad.net
DOMAIN-SUFFIX,multporn.net
DOMAIN-SUFFIX,muscdn.com
DOMAIN-SUFFIX,music.metrics.roblox.com
DOMAIN-SUFFIX,music.roblox.com
DOMAIN-SUFFIX,musical.ly
DOMAIN-SUFFIX,musixmatch.com
DOMAIN-SUFFIX,mw2.wiki
DOMAIN-SUFFIX,mx3.metrics.roblox.com
DOMAIN-SUFFIX,myanimelist.net
DOMAIN-SUFFIX,mydoramy.club
DOMAIN-SUFFIX,myheritage.com
DOMAIN-SUFFIX,myjetbrains.com
DOMAIN-SUFFIX,myparallels.com
DOMAIN-SUFFIX,myqrcode.com
DOMAIN-SUFFIX,na.metrics.roblox.com
DOMAIN-SUFFIX,nagios-nc.metrics.roblox.com
DOMAIN-SUFFIX,nas.metrics.roblox.com
DOMAIN-SUFFIX,navalny.com
DOMAIN-SUFFIX,nba.com
DOMAIN-SUFFIX,ncs.roblox.com
DOMAIN-SUFFIX,neformat.com.ua
DOMAIN-SUFFIX,neo4j.com
DOMAIN-SUFFIX,nessus.metrics.roblox.com
DOMAIN-SUFFIX,net.metrics.roblox.com
DOMAIN-SUFFIX,netacad.com
DOMAIN-SUFFIX,netapp.com
DOMAIN-SUFFIX,netflix.ca
DOMAIN-SUFFIX,netflix.com
DOMAIN-SUFFIX,netflix.net
DOMAIN-SUFFIX,netflixinvestor.com
DOMAIN-SUFFIX,netflixtechblog.com
DOMAIN-SUFFIX,netlify.com
DOMAIN-SUFFIX,network-nc.metrics.roblox.com
DOMAIN-SUFFIX,network.metrics.roblox.com
DOMAIN-SUFFIX,networksolutions.com
DOMAIN-SUFFIX,newark.com
DOMAIN-SUFFIX,news.google.com
DOMAIN-SUFFIX,news.metrics.roblox.com
DOMAIN-SUFFIX,news.roblox.com
DOMAIN-SUFFIX,newsroom.porsche.com
DOMAIN-SUFFIX,newsru.co.il
DOMAIN-SUFFIX,newsru.com
DOMAIN-SUFFIX,newtimes.ru
DOMAIN-SUFFIX,nfl.com
DOMAIN-SUFFIX,nflx.metrics.roblox.com
DOMAIN-SUFFIX,nflxext.com
DOMAIN-SUFFIX,nflximg.com
DOMAIN-SUFFIX,nflximg.net
DOMAIN-SUFFIX,nflxsearch.net
DOMAIN-SUFFIX,nflxso.net
DOMAIN-SUFFIX,nflxvideo.net
DOMAIN-SUFFIX,nginx.metrics.roblox.com
DOMAIN-SUFFIX,ngrok.com
DOMAIN-SUFFIX,nhentai.com
DOMAIN-SUFFIX,nhentai.net
DOMAIN-SUFFIX,nhl.com
DOMAIN-SUFFIX,nih.gov
DOMAIN-SUFFIX,nike.com
DOMAIN-SUFFIX,nippon.com
DOMAIN-SUFFIX,nitropdf.com
DOMAIN-SUFFIX,nl.metrics.roblox.com
DOMAIN-SUFFIX,nl.roblox.com
DOMAIN-SUFFIX,nms.metrics.roblox.com
DOMAIN-SUFFIX,nnmclub.to
DOMAIN-SUFFIX,nnmstatic.win
DOMAIN-SUFFIX,nordaccount.com
DOMAIN-SUFFIX,nordcdn.com
DOMAIN-SUFFIX,nordvpn.com
DOMAIN-SUFFIX,notepad-plus-plus.org
DOMAIN-SUFFIX,notifications.roblox.com
DOMAIN-SUFFIX,notificationsite.roblox.com
DOMAIN-SUFFIX,notion-emojis.s3-us-west-2.amazonaws.com
DOMAIN-SUFFIX,notion-static.com
DOMAIN-SUFFIX,notion.com
DOMAIN-SUFFIX,notion.new
DOMAIN-SUFFIX,notion.site
DOMAIN-SUFFIX,notion.so
DOMAIN-SUFFIX,nova-novncproxy-nc.metrics.roblox.com
DOMAIN-SUFFIX,novaline.fm
DOMAIN-SUFFIX,novaya.no
DOMAIN-SUFFIX,novayagazeta.eu
DOMAIN-SUFFIX,novayagazeta.ru
DOMAIN-SUFFIX,novyny.live
DOMAIN-SUFFIX,nrt-gw.vpn.cn.roblox.com
DOMAIN-SUFFIX,nrt2-128-116-120-3.roblox.com
DOMAIN-SUFFIX,ns.metrics.roblox.com
DOMAIN-SUFFIX,ns01.metrics.roblox.com
DOMAIN-SUFFIX,ns02.metrics.roblox.com
DOMAIN-SUFFIX,ns3.metrics.roblox.com
DOMAIN-SUFFIX,ns4.metrics.roblox.com
DOMAIN-SUFFIX,ntc.party
DOMAIN-SUFFIX,ntp.msn.com
DOMAIN-SUFFIX,nude-moon.org
DOMAIN-SUFFIX,null.roblox.com
DOMAIN-SUFFIX,nxp.com
DOMAIN-SUFFIX,oaistatic.com
DOMAIN-SUFFIX,oaiusercontent.com
DOMAIN-SUFFIX,oauth.metrics.roblox.com
DOMAIN-SUFFIX,object-store-nc.metrics.roblox.com
DOMAIN-SUFFIX,obozrevatel.com
DOMAIN-SUFFIX,ocs.metrics.roblox.com
DOMAIN-SUFFIX,ocstore.com
DOMAIN-SUFFIX,oculus.com
DOMAIN-SUFFIX,ohmyswift.ru
DOMAIN-SUFFIX,oi.legal
DOMAIN-SUFFIX,okx.com
DOMAIN-SUFFIX,olx.ua
DOMAIN-SUFFIX,omnissa.com
DOMAIN-SUFFIX,omv-extras.org
DOMAIN-SUFFIX,onfastspring.com
DOMAIN-SUFFIX,onlinesim.io
DOMAIN-SUFFIX,onshape.com
DOMAIN-SUFFIX,openai.com
DOMAIN-SUFFIX,opendata.metrics.roblox.com
DOMAIN-SUFFIX,openh264.org
DOMAIN-SUFFIX,openmedia.io
DOMAIN-SUFFIX,openrouter.ai
DOMAIN-SUFFIX,opensanctions.org
DOMAIN-SUFFIX,opensea.io
DOMAIN-SUFFIX,opentrackr.org
DOMAIN-SUFFIX,opposition-news.com
DOMAIN-SUFFIX,opt-out.roblox.com
DOMAIN-SUFFIX,oracle.com
DOMAIN-SUFFIX,orchestration-nc.metrics.roblox.com
DOMAIN-SUFFIX,ord2-128-116-101-3.roblox.com
DOMAIN-SUFFIX,origin.corp.roblox.com
DOMAIN-SUFFIX,origin.metrics.roblox.com
DOMAIN-SUFFIX,outlook.metrics.roblox.com
DOMAIN-SUFFIX,ovd.info
DOMAIN-SUFFIX,ovd.legal
DOMAIN-SUFFIX,ovd.news
DOMAIN-SUFFIX,ovdinfo.org
DOMAIN-SUFFIX,ozodi.org
DOMAIN-SUFFIX,p1.roblox.com
DOMAIN-SUFFIX,pages.dev
DOMAIN-SUFFIX,pages.metrics.roblox.com
DOMAIN-SUFFIX,pan.metrics.roblox.com
DOMAIN-SUFFIX,pandasecurity.com
DOMAIN-SUFFIX,panel.metrics.roblox.com
DOMAIN-SUFFIX,pap.pl
DOMAIN-SUFFIX,paperpaper.io
DOMAIN-SUFFIX,paperpaper.ru
DOMAIN-SUFFIX,parallels.cn
DOMAIN-SUFFIX,parallels.com
DOMAIN-SUFFIX,parallels.net
DOMAIN-SUFFIX,parallelsaccess.com
DOMAIN-SUFFIX,partners.roblox.com
DOMAIN-SUFFIX,passwords.roblox.com
DOMAIN-SUFFIX,patch.metrics.roblox.com
DOMAIN-SUFFIX,patreon.com
DOMAIN-SUFFIX,patriot.dp.ua
DOMAIN-SUFFIX,pay.metrics.roblox.com
DOMAIN-SUFFIX,pb.wtf
DOMAIN-SUFFIX,pcgamesn.com
DOMAIN-SUFFIX,pcmag.com
DOMAIN-SUFFIX,pda.metrics.roblox.com
DOMAIN-SUFFIX,penguin.com
DOMAIN-SUFFIX,penguinrandomhouse.com
DOMAIN-SUFFIX,periscope.tv
DOMAIN-SUFFIX,pexels.com
DOMAIN-SUFFIX,phncdn.com
DOMAIN-SUFFIX,phncdn.com.sds.rncdn7.com
DOMAIN-SUFFIX,phoenix.metrics.roblox.com
DOMAIN-SUFFIX,pilot.metrics.roblox.com
DOMAIN-SUFFIX,pimpletv.ru
DOMAIN-SUFFIX,pingdom.com
DOMAIN-SUFFIX,piratbit.top
DOMAIN-SUFFIX,piwik.ads.roblox.com
DOMAIN-SUFFIX,piwik.affiliates.roblox.com
DOMAIN-SUFFIX,piwik.billing.roblox.com
DOMAIN-SUFFIX,piwik.career.roblox.com
DOMAIN-SUFFIX,piwik.careers.roblox.com
DOMAIN-SUFFIX,piwik.catalog.roblox.com
DOMAIN-SUFFIX,piwik.content.roblox.com
DOMAIN-SUFFIX,piwik.data.roblox.com
DOMAIN-SUFFIX,piwik.de.roblox.com
DOMAIN-SUFFIX,piwik.edge.roblox.com
DOMAIN-SUFFIX,piwik.events.roblox.com
DOMAIN-SUFFIX,piwik.forum.roblox.com
DOMAIN-SUFFIX,piwik.help.roblox.com
DOMAIN-SUFFIX,piwik.inventory.roblox.com
DOMAIN-SUFFIX,piwik.jira.roblox.com
DOMAIN-SUFFIX,piwik.learn.roblox.com
DOMAIN-SUFFIX,piwik.lms.roblox.com
DOMAIN-SUFFIX,piwik.m.roblox.com
DOMAIN-SUFFIX,piwik.maintenance.roblox.com
DOMAIN-SUFFIX,piwik.metrics.roblox.com
DOMAIN-SUFFIX,piwik.portal.roblox.com
DOMAIN-SUFFIX,piwik.pt.roblox.com
DOMAIN-SUFFIX,piwik.sales.roblox.com
DOMAIN-SUFFIX,piwik.search.roblox.com
DOMAIN-SUFFIX,piwik.setup.roblox.com
DOMAIN-SUFFIX,piwik.status.roblox.com
DOMAIN-SUFFIX,piwik.uk.roblox.com
DOMAIN-SUFFIX,piwik.us-east-1.roblox.com
DOMAIN-SUFFIX,piwik.vpn.roblox.com
DOMAIN-SUFFIX,piwik.vpn2.roblox.com
DOMAIN-SUFFIX,piwik.www.roblox.com
DOMAIN-SUFFIX,pkgs.tailscale.com
DOMAIN-SUFFIX,pkio.metrics.roblox.com
DOMAIN-SUFFIX,pl.metrics.roblox.com
DOMAIN-SUFFIX,placement-nc.metrics.roblox.com
DOMAIN-SUFFIX,platform.activestate.com
DOMAIN-SUFFIX,platform.metrics.roblox.com
DOMAIN-SUFFIX,platinum.roblox.com
DOMAIN-SUFFIX,play.metrics.roblox.com
DOMAIN-SUFFIX,playboy.com
DOMAIN-SUFFIX,plugshare.com
DOMAIN-SUFFIX,po.metrics.roblox.com
DOMAIN-SUFFIX,poc.metrics.roblox.com
DOMAIN-SUFFIX,points.roblox.com
DOMAIN-SUFFIX,polit.ru
DOMAIN-SUFFIX,politico.eu
DOMAIN-SUFFIX,politiken.dk
DOMAIN-SUFFIX,polls.roblox.com
DOMAIN-SUFFIX,polymarket.com
DOMAIN-SUFFIX,pornhub.com
DOMAIN-SUFFIX,pornhub.org
DOMAIN-SUFFIX,pornolab.net
DOMAIN-SUFFIX,portal.lviv.ua
DOMAIN-SUFFIX,portal.roblox.com
DOMAIN-SUFFIX,portalapp.metrics.roblox.com
DOMAIN-SUFFIX,posle.media
DOMAIN-SUFFIX,post.metrics.roblox.com
DOMAIN-SUFFIX,posthog.com
DOMAIN-SUFFIX,postimees.ee
DOMAIN-SUFFIX,pravda.com
DOMAIN-SUFFIX,pravda.com.ua
DOMAIN-SUFFIX,pre.metrics.roblox.com
DOMAIN-SUFFIX,premierleague.com
DOMAIN-SUFFIX,premium.roblox.com
DOMAIN-SUFFIX,premiumfeatures.roblox.com
DOMAIN-SUFFIX,presence.roblox.com
DOMAIN-SUFFIX,press.metrics.roblox.com
DOMAIN-SUFFIX,primevideo.com
DOMAIN-SUFFIX,private.metrics.roblox.com
DOMAIN-SUFFIX,privatekeys.pw
DOMAIN-SUFFIX,privatemessages.roblox.com
DOMAIN-SUFFIX,prnt.sc
DOMAIN-SUFFIX,proactivebackend-pa.googleapis.com
DOMAIN-SUFFIX,prod.docsiteassets.roblox.com
DOMAIN-SUFFIX,prod.metrics.roblox.com
DOMAIN-SUFFIX,production-openaicom-storage.azureedge.net
DOMAIN-SUFFIX,proekt.media
DOMAIN-SUFFIX,project.metrics.roblox.com
DOMAIN-SUFFIX,projects.metrics.roblox.com
DOMAIN-SUFFIX,promotions.roblox.com
DOMAIN-SUFFIX,prosleduetmedia.com
DOMAIN-SUFFIX,prostovpn.org
DOMAIN-SUFFIX,proton.me
DOMAIN-SUFFIX,protonvpn.com
DOMAIN-SUFFIX,provereno.media
DOMAIN-SUFFIX,prowlarr.com
DOMAIN-SUFFIX,proxy.metrics.roblox.com
DOMAIN-SUFFIX,pscp.tv
DOMAIN-SUFFIX,psiphon.ca
DOMAIN-SUFFIX,pt.help.roblox.com
DOMAIN-SUFFIX,pt.roblox.com
DOMAIN-SUFFIX,pub.metrics.roblox.com
DOMAIN-SUFFIX,public.ecs.roblox.com
DOMAIN-SUFFIX,public.parsec.app
DOMAIN-SUFFIX,publish.roblox.com
DOMAIN-SUFFIX,pulsar.roblox.com
DOMAIN-SUFFIX,punishments.roblox.com
DOMAIN-SUFFIX,q.metrics.roblox.com
DOMAIN-SUFFIX,qq.roblox.com
DOMAIN-SUFFIX,qt.io
DOMAIN-SUFFIX,queue.metrics.roblox.com
DOMAIN-SUFFIX,quicknode.com
DOMAIN-SUFFIX,quiz.metrics.roblox.com
DOMAIN-SUFFIX,quora.com
DOMAIN-SUFFIX,quora.com.cdn.cloudflare.net
DOMAIN-SUFFIX,quote.metrics.roblox.com
DOMAIN-SUFFIX,qwant.com
DOMAIN-SUFFIX,r.metrics.roblox.com
DOMAIN-SUFFIX,r4.err.ee
DOMAIN-SUFFIX,ra.roblox.com
DOMAIN-SUFFIX,radiosakharov.org
DOMAIN-SUFFIX,radiosvoboda.org
DOMAIN-SUFFIX,radius.metrics.roblox.com
DOMAIN-SUFFIX,rancher.metrics.roblox.com
DOMAIN-SUFFIX,raw2nexus.sm.roblox.com
DOMAIN-SUFFIX,rbc.ua
DOMAIN-SUFFIX,rblxcdn.roblox.com
DOMAIN-SUFFIX,rbxcdn.com
DOMAIN-SUFFIX,rc.metrics.roblox.com
DOMAIN-SUFFIX,rcs.roblox.com
DOMAIN-SUFFIX,reactflow.dev
DOMAIN-SUFFIX,realbooru.com
DOMAIN-SUFFIX,realist.online
DOMAIN-SUFFIX,realtime-signalr.roblox.com
DOMAIN-SUFFIX,realtime.roblox.com
DOMAIN-SUFFIX,realtime2.roblox.com
DOMAIN-SUFFIX,realtime3.roblox.com
DOMAIN-SUFFIX,reate.roblox.com
DOMAIN-SUFFIX,recraft.ai
DOMAIN-SUFFIX,reddxxx.com
DOMAIN-SUFFIX,redgifs.com
DOMAIN-SUFFIX,redis.io
DOMAIN-SUFFIX,redislabs.com
DOMAIN-SUFFIX,redmine.metrics.roblox.com
DOMAIN-SUFFIX,redshieldvpn.com
DOMAIN-SUFFIX,refactoring.guru
DOMAIN-SUFFIX,registration.metrics.roblox.com
DOMAIN-SUFFIX,registry.metrics.roblox.com
DOMAIN-SUFFIX,relay1.metrics.roblox.com
DOMAIN-SUFFIX,release.metrics.roblox.com
DOMAIN-SUFFIX,remna.st
DOMAIN-SUFFIX,remove.bg
DOMAIN-SUFFIX,render-state.to
DOMAIN-SUFFIX,rentry.co
DOMAIN-SUFFIX,rentry.org
DOMAIN-SUFFIX,repo.metrics.roblox.com
DOMAIN-SUFFIX,reporting.metrics.roblox.com
DOMAIN-SUFFIX,reports.metrics.roblox.com
DOMAIN-SUFFIX,repository.metrics.roblox.com
DOMAIN-SUFFIX,republic.ru
DOMAIN-SUFFIX,res.metrics.roblox.com
DOMAIN-SUFFIX,research.net
DOMAIN-SUFFIX,research.roblox.com
DOMAIN-SUFFIX,researchpanel.roblox.com
DOMAIN-SUFFIX,resources.metrics.roblox.com
DOMAIN-SUFFIX,restream.io
DOMAIN-SUFFIX,returnyoutubedislikeapi.com
DOMAIN-SUFFIX,reve.art
DOMAIN-SUFFIX,review.metrics.roblox.com
DOMAIN-SUFFIX,rezka-ua.in
DOMAIN-SUFFIX,rezka.ag
DOMAIN-SUFFIX,rezka.cc
DOMAIN-SUFFIX,rezka.fi
DOMAIN-SUFFIX,rezka.land
DOMAIN-SUFFIX,rezka.my
DOMAIN-SUFFIX,rezka.tv
DOMAIN-SUFFIX,rezkify.com
DOMAIN-SUFFIX,rezonans.media
DOMAIN-SUFFIX,rf.dobrochan.net
DOMAIN-SUFFIX,rferl.org
DOMAIN-SUFFIX,rightsportal.roblox.com
DOMAIN-SUFFIX,rima.media
DOMAIN-SUFFIX,riperam.org
DOMAIN-SUFFIX,riseup.net
DOMAIN-SUFFIX,rjobs.roblox.com
DOMAIN-SUFFIX,rlb.roblox.com
DOMAIN-SUFFIX,ro.metrics.roblox.com
DOMAIN-SUFFIX,ro.roblox.com
DOMAIN-SUFFIX,roar-review.com
DOMAIN-SUFFIX,roblox-media.roblox.com
DOMAIN-SUFFIX,roblox.com
DOMAIN-SUFFIX,roblox.cvom.roblox.com
DOMAIN-SUFFIX,robux.roblox.com
DOMAIN-SUFFIX,root-nation.com
DOMAIN-SUFFIX,root.metrics.roblox.com
DOMAIN-SUFFIX,roskomsvoboda.org
DOMAIN-SUFFIX,rp-web4.corp.roblox.com
DOMAIN-SUFFIX,rp-web8.corp.roblox.com
DOMAIN-SUFFIX,rss.metrics.roblox.com
DOMAIN-SUFFIX,rublacklist.net
DOMAIN-SUFFIX,rule34.art
DOMAIN-SUFFIX,rule34.us
DOMAIN-SUFFIX,rule34.xxx
DOMAIN-SUFFIX,rus.delfi.ee
DOMAIN-SUFFIX,rus.jauns.lv
DOMAIN-SUFFIX,ruscryde.net
DOMAIN-SUFFIX,rustorka.com
DOMAIN-SUFFIX,rutor.info
DOMAIN-SUFFIX,rutor.is
DOMAIN-SUFFIX,rutor.org
DOMAIN-SUFFIX,rutracker.cc
DOMAIN-SUFFIX,rutracker.net
DOMAIN-SUFFIX,rutracker.org
DOMAIN-SUFFIX,rutracker.wiki
DOMAIN-SUFFIX,rvap.metrics.roblox.com
DOMAIN-SUFFIX,s2.metrics.roblox.com
DOMAIN-SUFFIX,sa.metrics.roblox.com
DOMAIN-SUFFIX,sakhalin.info
DOMAIN-SUFFIX,sakharovfoundation.org
DOMAIN-SUFFIX,sales.roblox.com
DOMAIN-SUFFIX,salesforce-experience.com
DOMAIN-SUFFIX,salesforce-hub.com
DOMAIN-SUFFIX,salesforce-scrt.com
DOMAIN-SUFFIX,salesforce-setup.com
DOMAIN-SUFFIX,salesforce-sites.com
DOMAIN-SUFFIX,salesforce.com
DOMAIN-SUFFIX,salesforceiq.com
DOMAIN-SUFFIX,salesforceliveagent.com
DOMAIN-SUFFIX,sample.metrics.roblox.com
DOMAIN-SUFFIX,sandbox.metrics.roblox.com
DOMAIN-SUFFIX,sap.com
DOMAIN-SUFFIX,sap.metrics.roblox.com
DOMAIN-SUFFIX,satus.roblox.com
DOMAIN-SUFFIX,saverudata.net
DOMAIN-SUFFIX,sci-hub.se
DOMAIN-SUFFIX,sci-hub.st
DOMAIN-SUFFIX,scryde.io
DOMAIN-SUFFIX,scryde.net
DOMAIN-SUFFIX,scryde.ru
DOMAIN-SUFFIX,scryde.world
DOMAIN-SUFFIX,scryde1.net
DOMAIN-SUFFIX,scryde10.net
DOMAIN-SUFFIX,scryde11.net
DOMAIN-SUFFIX,scryde12.net
DOMAIN-SUFFIX,scryde2.net
DOMAIN-SUFFIX,scryde3.net
DOMAIN-SUFFIX,scryde4.net
DOMAIN-SUFFIX,scryde5.net
DOMAIN-SUFFIX,scryde6.net
DOMAIN-SUFFIX,scryde7.net
DOMAIN-SUFFIX,scryde8.net
DOMAIN-SUFFIX,scryde9.net
DOMAIN-SUFFIX,sdxcentral.com
DOMAIN-SUFFIX,se.metrics.roblox.com
DOMAIN-SUFFIX,sea1-128-116-100-3.roblox.com
DOMAIN-SUFFIX,sea1-128-116-115-3.roblox.com
DOMAIN-SUFFIX,sea1-128-116-99-3.roblox.com
DOMAIN-SUFFIX,search.api.roblox.com
DOMAIN-SUFFIX,search.metrics.roblox.com
DOMAIN-SUFFIX,search.roblox.com
DOMAIN-SUFFIX,searchfloor.org
DOMAIN-SUFFIX,seasonvar.ru
DOMAIN-SUFFIX,securemail.metrics.roblox.com
DOMAIN-SUFFIX,selezen.org
DOMAIN-SUFFIX,semnasem.org
DOMAIN-SUFFIX,semrush.com
DOMAIN-SUFFIX,sentry.dev
DOMAIN-SUFFIX,sentry.io
DOMAIN-SUFFIX,sephora.com
DOMAIN-SUFFIX,servarr.com
DOMAIN-SUFFIX,server1.metrics.roblox.com
DOMAIN-SUFFIX,servers.roblox.com
DOMAIN-SUFFIX,servicedesk.metrics.roblox.com
DOMAIN-SUFFIX,services.metrics.roblox.com
DOMAIN-SUFFIX,services.roblox.com
DOMAIN-SUFFIX,setup-ak.roblox.com
DOMAIN-SUFFIX,setup-cf.roblox.com
DOMAIN-SUFFIX,setup-gametest.roblox.com
DOMAIN-SUFFIX,setup-sitetest.roblox.com
DOMAIN-SUFFIX,setup-staging.roblox.com
DOMAIN-SUFFIX,setup-test.roblox.com
DOMAIN-SUFFIX,setup.gametest6.roblox.com
DOMAIN-SUFFIX,setup.roblox.com
DOMAIN-SUFFIX,severreal.org
DOMAIN-SUFFIX,sf.metrics.roblox.com
DOMAIN-SUFFIX,sfdcopens.com
DOMAIN-SUFFIX,sftp.metrics.roblox.com
DOMAIN-SUFFIX,share.metrics.roblox.com
DOMAIN-SUFFIX,share.roblox.com
DOMAIN-SUFFIX,sharepoint.metrics.roblox.com
DOMAIN-SUFFIX,shikimori.me
DOMAIN-SUFFIX,shinyhardware.co.uk
DOMAIN-SUFFIX,shipyard-nc.metrics.roblox.com
DOMAIN-SUFFIX,shiza-project.com
DOMAIN-SUFFIX,shop.gameloft.com
DOMAIN-SUFFIX,shop.roblox.com
DOMAIN-SUFFIX,showip.net
DOMAIN-SUFFIX,sibreal.org
DOMAIN-SUFFIX,signal.org
DOMAIN-SUFFIX,signup.metrics.roblox.com
DOMAIN-SUFFIX,silver.roblox.com
DOMAIN-SUFFIX,simplex.chat
DOMAIN-SUFFIX,simplex.im
DOMAIN-SUFFIX,simplix.info
DOMAIN-SUFFIX,sin2-128-116-97-3.roblox.com
DOMAIN-SUFFIX,sin4-128-116-50-3.roblox.com
DOMAIN-SUFFIX,singlekey-id.com
DOMAIN-SUFFIX,sip.metrics.roblox.com
DOMAIN-SUFFIX,sit.metrics.roblox.com
DOMAIN-SUFFIX,site.com
DOMAIN-SUFFIX,site.metrics.roblox.com
DOMAIN-SUFFIX,siteground.com
DOMAIN-SUFFIX,sitetest1.roblox.com
DOMAIN-SUFFIX,sjc1-128-116-117-3.roblox.com
DOMAIN-SUFFIX,skat.media
DOMAIN-SUFFIX,sketchup.com
DOMAIN-SUFFIX,skiff.com
DOMAIN-SUFFIX,skladchik.com
DOMAIN-SUFFIX,sklatchiki.ru
DOMAIN-SUFFIX,sky.com
DOMAIN-SUFFIX,skycdp.com
DOMAIN-SUFFIX,slashlib.me
DOMAIN-SUFFIX,slavicsac.com
DOMAIN-SUFFIX,slifki.biz
DOMAIN-SUFFIX,smart.metrics.roblox.com
DOMAIN-SUFFIX,smartbear.co
DOMAIN-SUFFIX,smartbear.com
DOMAIN-SUFFIX,smartdeploy.com
DOMAIN-SUFFIX,smetrics.metrics.roblox.com
DOMAIN-SUFFIX,sms-activate.io
DOMAIN-SUFFIX,sms.api.roblox.com
DOMAIN-SUFFIX,snapgene.com
DOMAIN-SUFFIX,sndcdn.com
DOMAIN-SUFFIX,snort.org
DOMAIN-SUFFIX,snyk.io
DOMAIN-SUFFIX,sobesednik.com
DOMAIN-SUFFIX,social.roblox.com
DOMAIN-SUFFIX,socialauth.roblox.com
DOMAIN-SUFFIX,solarwinds.com
DOMAIN-SUFFIX,sonara.ai
DOMAIN-SUFFIX,sonarqube.metrics.roblox.com
DOMAIN-SUFFIX,sora.com
DOMAIN-SUFFIX,sotaproject.com
DOMAIN-SUFFIX,soundcloud.cloud
DOMAIN-SUFFIX,soundcloud.com
DOMAIN-SUFFIX,source.metrics.roblox.com
DOMAIN-SUFFIX,sovetromantica.com
DOMAIN-SUFFIX,spacelift.io
DOMAIN-SUFFIX,speedtest.net
DOMAIN-SUFFIX,spektr.press
DOMAIN-SUFFIX,spf1.metrics.roblox.com
DOMAIN-SUFFIX,spf_20190122.roblox.com
DOMAIN-SUFFIX,spiceworks.com
DOMAIN-SUFFIX,spiegel.de
DOMAIN-SUFFIX,spitfireaudio.com
DOMAIN-SUFFIX,spotify.com
DOMAIN-SUFFIX,spreadthesign.com
DOMAIN-SUFFIX,sputnikipogrom.com
DOMAIN-SUFFIX,sql.metrics.roblox.com
DOMAIN-SUFFIX,sqlite.metrics.roblox.com
DOMAIN-SUFFIX,squadbustersgame.com
DOMAIN-SUFFIX,squareup.com
DOMAIN-SUFFIX,squietpc.com
DOMAIN-SUFFIX,ss.metrics.roblox.com
DOMAIN-SUFFIX,ssfibdahweadbjkeafba.roblox.com
DOMAIN-SUFFIX,staff.metrics.roblox.com
DOMAIN-SUFFIX,stage.metrics.roblox.com
DOMAIN-SUFFIX,staging.metrics.roblox.com
DOMAIN-SUFFIX,staging2.metrics.roblox.com
DOMAIN-SUFFIX,startmail.com
DOMAIN-SUFFIX,startpage.com
DOMAIN-SUFFIX,static.lostfilm.top
DOMAIN-SUFFIX,static.roblox.com
DOMAIN-SUFFIX,static2.metrics.roblox.com
DOMAIN-SUFFIX,staticcontent.api.roblox.com
DOMAIN-SUFFIX,statis.roblox.com
DOMAIN-SUFFIX,statistics.metrics.roblox.com
DOMAIN-SUFFIX,statology.org
DOMAIN-SUFFIX,stats.metrics.roblox.com
DOMAIN-SUFFIX,status.metrics.roblox.com
DOMAIN-SUFFIX,status.roblox.com
DOMAIN-SUFFIX,steamstat.info
DOMAIN-SUFFIX,stis.metrics.roblox.com
DOMAIN-SUFFIX,stores.metrics.roblox.com
DOMAIN-SUFFIX,storm.metrics.roblox.com
DOMAIN-SUFFIX,strana.news
DOMAIN-SUFFIX,strana.today
DOMAIN-SUFFIX,strava.com
DOMAIN-SUFFIX,stream.metrics.roblox.com
DOMAIN-SUFFIX,stud.metrics.roblox.com
DOMAIN-SUFFIX,student.metrics.roblox.com
DOMAIN-SUFFIX,style.metrics.roblox.com
DOMAIN-SUFFIX,suggestqueries.google.com
DOMAIN-SUFFIX,sun.metrics.roblox.com
DOMAIN-SUFFIX,supercell.com
DOMAIN-SUFFIX,supersliv.biz
DOMAIN-SUFFIX,support.xerox.com
DOMAIN-SUFFIX,surfshark.com
DOMAIN-SUFFIX,survey.roblox.com
DOMAIN-SUFFIX,surveymonkey.com
DOMAIN-SUFFIX,surveys.metrics.roblox.com
DOMAIN-SUFFIX,surveyssite.roblox.com
DOMAIN-SUFFIX,suspilne.media
DOMAIN-SUFFIX,svidomi.in.ua
DOMAIN-SUFFIX,svn.metrics.roblox.com
DOMAIN-SUFFIX,svoboda.org
DOMAIN-SUFFIX,svoi.kr.ua
DOMAIN-SUFFIX,svtv.org
DOMAIN-SUFFIX,sw.metrics.roblox.com
DOMAIN-SUFFIX,swagger.io
DOMAIN-SUFFIX,swissinfo.ch
DOMAIN-SUFFIX,switch.metrics.roblox.com
DOMAIN-SUFFIX,synoforum.com
DOMAIN-SUFFIX,sys.metrics.roblox.com
DOMAIN-SUFFIX,system.metrics.roblox.com
DOMAIN-SUFFIX,t-invariant.org
DOMAIN-SUFFIX,t.co
DOMAIN-SUFFIX,t.email.roblox.com
DOMAIN-SUFFIX,t0.roblox.com
DOMAIN-SUFFIX,t0ak.roblox.com
DOMAIN-SUFFIX,t1.rbxcdn.com
DOMAIN-SUFFIX,t1.roblox.com
DOMAIN-SUFFIX,t1ak.roblox.com
DOMAIN-SUFFIX,t2.roblox.com
DOMAIN-SUFFIX,t2ak.roblox.com
DOMAIN-SUFFIX,t3.roblox.com
DOMAIN-SUFFIX,t3ak.roblox.com
DOMAIN-SUFFIX,t4.roblox.com
DOMAIN-SUFFIX,t4ak.roblox.com
DOMAIN-SUFFIX,t5.roblox.com
DOMAIN-SUFFIX,t5ak.roblox.com
DOMAIN-SUFFIX,t6.roblox.com
DOMAIN-SUFFIX,t6ak.roblox.com
DOMAIN-SUFFIX,t7.roblox.com
DOMAIN-SUFFIX,t7ak.roblox.com
DOMAIN-SUFFIX,ta.metrics.roblox.com
DOMAIN-SUFFIX,table.metrics.roblox.com
DOMAIN-SUFFIX,tableau.com
DOMAIN-SUFFIX,talent.roblox.com
DOMAIN-SUFFIX,talenthub.roblox.com
DOMAIN-SUFFIX,talosintelligence.com
DOMAIN-SUFFIX,target.metrics.roblox.com
DOMAIN-SUFFIX,tarif.metrics.roblox.com
DOMAIN-SUFFIX,task.metrics.roblox.com
DOMAIN-SUFFIX,tasks.metrics.roblox.com
DOMAIN-SUFFIX,tayga.info
DOMAIN-SUFFIX,td.metrics.roblox.com
DOMAIN-SUFFIX,te-st.org
DOMAIN-SUFFIX,teamviewer.com
DOMAIN-SUFFIX,techbargains.com
DOMAIN-SUFFIX,techblog.roblox.com
DOMAIN-SUFFIX,technic.metrics.roblox.com
DOMAIN-SUFFIX,telegraf.by
DOMAIN-SUFFIX,telegraf.news
DOMAIN-SUFFIX,telegraph.co.uk
DOMAIN-SUFFIX,telemetr.io
DOMAIN-SUFFIX,tellapart.com
DOMAIN-SUFFIX,tempmail.plus
DOMAIN-SUFFIX,temu.com
DOMAIN-SUFFIX,terraform.io
DOMAIN-SUFFIX,test.metrics.roblox.com
DOMAIN-SUFFIX,test.public.ecs.roblox.com
DOMAIN-SUFFIX,test2.metrics.roblox.com
DOMAIN-SUFFIX,textfilter.api.roblox.com
DOMAIN-SUFFIX,textfilter.roblox.com
DOMAIN-SUFFIX,the-village.ru
DOMAIN-SUFFIX,theaudiodb.com
DOMAIN-SUFFIX,thebarentsobserver.com
DOMAIN-SUFFIX,thebell.io
DOMAIN-SUFFIX,theins.press
DOMAIN-SUFFIX,theins.ru
DOMAIN-SUFFIX,themes.roblox.com
DOMAIN-SUFFIX,themoviedb.org
DOMAIN-SUFFIX,thepiratebay.org
DOMAIN-SUFFIX,theporndude.com
DOMAIN-SUFFIX,thetruestory.news
DOMAIN-SUFFIX,threads.net
DOMAIN-SUFFIX,threema.ch
DOMAIN-SUFFIX,thumbnails.roblox.com
DOMAIN-SUFFIX,thumbnailscoordination.api.roblox.com
DOMAIN-SUFFIX,thumbnailsresizer.roblox.com
DOMAIN-SUFFIX,ti.com
DOMAIN-SUFFIX,tickets.metrics.roblox.com
DOMAIN-SUFFIX,tidal.com
DOMAIN-SUFFIX,tik-tokapi.com
DOMAIN-SUFFIX,tiktok.com
DOMAIN-SUFFIX,tiktokcdn-eu.com
DOMAIN-SUFFIX,tiktokcdn-us.com
DOMAIN-SUFFIX,tiktokcdn.com
DOMAIN-SUFFIX,tiktokd.net
DOMAIN-SUFFIX,tiktokd.org
DOMAIN-SUFFIX,tiktokv.com
DOMAIN-SUFFIX,tiktokv.eu
DOMAIN-SUFFIX,tiktokv.us
DOMAIN-SUFFIX,tiktokw.us
DOMAIN-SUFFIX,timberland.de
DOMAIN-SUFFIX,tiptop-vpn.com
DOMAIN-SUFFIX,titanium.roblox.com
DOMAIN-SUFFIX,tmdb-image-prod.b-cdn.net
DOMAIN-SUFFIX,tmdb.com
DOMAIN-SUFFIX,tmdb.org
DOMAIN-SUFFIX,tms.metrics.roblox.com
DOMAIN-SUFFIX,tn.metrics.roblox.com
DOMAIN-SUFFIX,toolbox.app
DOMAIN-SUFFIX,tools.metrics.roblox.com
DOMAIN-SUFFIX,torproject.org
DOMAIN-SUFFIX,torrenteditor.com
DOMAIN-SUFFIX,torrentgalaxy.to
DOMAIN-SUFFIX,tourstat.metrics.roblox.com
DOMAIN-SUFFIX,tracing.roblox.com
DOMAIN-SUFFIX,tracking.metrics.roblox.com
DOMAIN-SUFFIX,trades.roblox.com
DOMAIN-SUFFIX,trae.ai
DOMAIN-SUFFIX,traefik.metrics.roblox.com
DOMAIN-SUFFIX,traffic.metrics.roblox.com
DOMAIN-SUFFIX,trailblazer.me
DOMAIN-SUFFIX,trailhead.com
DOMAIN-SUFFIX,transferwise.com
DOMAIN-SUFFIX,translation.roblox.com
DOMAIN-SUFFIX,translationroles.roblox.com
DOMAIN-SUFFIX,translations.roblox.com
DOMAIN-SUFFIX,translationsite.roblox.com
DOMAIN-SUFFIX,trellix.com
DOMAIN-SUFFIX,tria.ge
DOMAIN-SUFFIX,trueblackmetalradio.com
DOMAIN-SUFFIX,truthsocial.com
DOMAIN-SUFFIX,tsmc.com
DOMAIN-SUFFIX,tst.metrics.roblox.com
DOMAIN-SUFFIX,ttwstatic.com
DOMAIN-SUFFIX,turbobit.net
DOMAIN-SUFFIX,tuta.com
DOMAIN-SUFFIX,tuta.io
DOMAIN-SUFFIX,tutanota.com
DOMAIN-SUFFIX,tv.metrics.roblox.com
DOMAIN-SUFFIX,tvfreedom.io
DOMAIN-SUFFIX,tvrain.ru
DOMAIN-SUFFIX,tvrain.tv
DOMAIN-SUFFIX,tw.metrics.roblox.com
DOMAIN-SUFFIX,tweetdeck.com
DOMAIN-SUFFIX,twimg.com
DOMAIN-SUFFIX,twin.me
DOMAIN-SUFFIX,twinlife-systems.com
DOMAIN-SUFFIX,twinme.com
DOMAIN-SUFFIX,twirpx.com
DOMAIN-SUFFIX,twitpic.com
DOMAIN-SUFFIX,twitter.biz
DOMAIN-SUFFIX,twitter.com
DOMAIN-SUFFIX,twitter.jp
DOMAIN-SUFFIX,twittercommunity.com
DOMAIN-SUFFIX,twitterflightschool.com
DOMAIN-SUFFIX,twitterinc.com
DOMAIN-SUFFIX,twitteroauth.com
DOMAIN-SUFFIX,twitterstat.us
DOMAIN-SUFFIX,twostepverification.roblox.com
DOMAIN-SUFFIX,twtrdns.net
DOMAIN-SUFFIX,twttr.com
DOMAIN-SUFFIX,twttr.net
DOMAIN-SUFFIX,twvid.com
DOMAIN-SUFFIX,typing.com
DOMAIN-SUFFIX,uat.metrics.roblox.com
DOMAIN-SUFFIX,uaudio.com
DOMAIN-SUFFIX,ugcvalidationcoordination.api.roblox.com
DOMAIN-SUFFIX,ui.ill.in.ua
DOMAIN-SUFFIX,ui.metrics.roblox.com
DOMAIN-SUFFIX,uiblox.roblox.com
DOMAIN-SUFFIX,uizard.io
DOMAIN-SUFFIX,uk.roblox.com
DOMAIN-SUFFIX,ukdevilz.com
DOMAIN-SUFFIX,ukr.net
DOMAIN-SUFFIX,ukr.radio
DOMAIN-SUFFIX,ukrtelcdn.net
DOMAIN-SUFFIX,unian.ua
DOMAIN-SUFFIX,unit.metrics.roblox.com
DOMAIN-SUFFIX,unscreen.com
DOMAIN-SUFFIX,unsplash.com
DOMAIN-SUFFIX,upload.crashes.roblox.com
DOMAIN-SUFFIX,uptime.metrics.roblox.com
DOMAIN-SUFFIX,upwork.com
DOMAIN-SUFFIX,url1454.devforum.roblox.com
DOMAIN-SUFFIX,us-central-bd1-smoke.roblox.com
DOMAIN-SUFFIX,us-central-bd1.roblox.com
DOMAIN-SUFFIX,us-central-default-px.roblox.com
DOMAIN-SUFFIX,us-central-origin-px.roblox.com
DOMAIN-SUFFIX,us-central-rlb-bd2-90-2.roblox.com
DOMAIN-SUFFIX,us-central-rlb-bd2-95.roblox.com
DOMAIN-SUFFIX,us-east-1.metrics.roblox.com
DOMAIN-SUFFIX,us-east-1.roblox.com
DOMAIN-SUFFIX,us-east-bd1.roblox.com
DOMAIN-SUFFIX,us-east-bd2.roblox.com
DOMAIN-SUFFIX,usa.one
DOMAIN-SUFFIX,usatoday.com
DOMAIN-SUFFIX,user.metrics.roblox.com
DOMAIN-SUFFIX,usermoderation.roblox.com
DOMAIN-SUFFIX,users.api.roblox.com
DOMAIN-SUFFIX,users.roblox.com
DOMAIN-SUFFIX,usher.ttvnw.net
DOMAIN-SUFFIX,util198webadmin.ra.roblox.com
DOMAIN-SUFFIX,util39.ra.roblox.com
DOMAIN-SUFFIX,v1.metrics.roblox.com
DOMAIN-SUFFIX,vagrantcloud.com
DOMAIN-SUFFIX,vb.metrics.roblox.com
DOMAIN-SUFFIX,vbulletin.metrics.roblox.com
DOMAIN-SUFFIX,vc.metrics.roblox.com
DOMAIN-SUFFIX,vdi.metrics.roblox.com
DOMAIN-SUFFIX,veeam.com
DOMAIN-SUFFIX,verify.metrics.roblox.com
DOMAIN-SUFFIX,versioncompatibility-test.api.roblox.com
DOMAIN-SUFFIX,versioncompatibility.api.roblox.com
DOMAIN-SUFFIX,verstka.media
DOMAIN-SUFFIX,vesma.one
DOMAIN-SUFFIX,vesma.today
DOMAIN-SUFFIX,vesty.co.il
DOMAIN-SUFFIX,veteran.metrics.roblox.com
DOMAIN-SUFFIX,viber.com
DOMAIN-SUFFIX,vice.com
DOMAIN-SUFFIX,vine.co
DOMAIN-SUFFIX,vip.metrics.roblox.com
DOMAIN-SUFFIX,vipergirls.to
DOMAIN-SUFFIX,vips.metrics.roblox.com
DOMAIN-SUFFIX,visualcapitalist.com
DOMAIN-SUFFIX,vlan.metrics.roblox.com
DOMAIN-SUFFIX,vm.metrics.roblox.com
DOMAIN-SUFFIX,vm0.metrics.roblox.com
DOMAIN-SUFFIX,vm2.metrics.roblox.com
DOMAIN-SUFFIX,vm3.metrics.roblox.com
DOMAIN-SUFFIX,vmware.com
DOMAIN-SUFFIX,vndb.org
DOMAIN-SUFFIX,voanews.com
DOMAIN-SUFFIX,voice.roblox.com
DOMAIN-SUFFIX,voidboost.cc
DOMAIN-SUFFIX,volkswagen-classic-parts.com
DOMAIN-SUFFIX,volume-nc.metrics.roblox.com
DOMAIN-SUFFIX,vot-tak.tv
DOMAIN-SUFFIX,vpn.cn.roblox.com
DOMAIN-SUFFIX,vpn.metrics.roblox.com
DOMAIN-SUFFIX,vpn.ra.roblox.com
DOMAIN-SUFFIX,vpn.roblox.com
DOMAIN-SUFFIX,vpn2.metrics.roblox.com
DOMAIN-SUFFIX,vpn2.ra.roblox.com
DOMAIN-SUFFIX,vpn2.roblox.com
DOMAIN-SUFFIX,vpngate.net
DOMAIN-SUFFIX,vpngen.org
DOMAIN-SUFFIX,vpnlove.me
DOMAIN-SUFFIX,vpnpay.io
DOMAIN-SUFFIX,vps-cb5e82f2.ash1-xboxlive.api.roblox.com
DOMAIN-SUFFIX,vvwv.roblox.com
DOMAIN-SUFFIX,vx102.ra.roblox.com
DOMAIN-SUFFIX,vx34.chi1.roblox.com
DOMAIN-SUFFIX,vyos.io
DOMAIN-SUFFIX,w.atwiki.jp
DOMAIN-SUFFIX,w.roblox.com
DOMAIN-SUFFIX,walmart.com
DOMAIN-SUFFIX,wap.metrics.roblox.com
DOMAIN-SUFFIX,watchguard.com
DOMAIN-SUFFIX,watermarkremover.io
DOMAIN-SUFFIX,waw1-128-116-124-3.roblox.com
DOMAIN-SUFFIX,wbgames.com
DOMAIN-SUFFIX,we.roblox.com
DOMAIN-SUFFIX,weather.com
DOMAIN-SUFFIX,web.roblox.com
DOMAIN-SUFFIX,web.www.roblox.com
DOMAIN-SUFFIX,web102.p1t.roblox.com
DOMAIN-SUFFIX,web103.p1t.roblox.com
DOMAIN-SUFFIX,web104.p1t.roblox.com
DOMAIN-SUFFIX,web1061.rp.roblox.com
DOMAIN-SUFFIX,web108.p1t.roblox.com
DOMAIN-SUFFIX,web111.p1t.roblox.com
DOMAIN-SUFFIX,web1136.chi1.roblox.com
DOMAIN-SUFFIX,web114.p1t.roblox.com
DOMAIN-SUFFIX,web115.p1t.roblox.com
DOMAIN-SUFFIX,web1159.rp.roblox.com
DOMAIN-SUFFIX,web117.p1t.roblox.com
DOMAIN-SUFFIX,web120.p1t.roblox.com
DOMAIN-SUFFIX,web1203.rp.roblox.com
DOMAIN-SUFFIX,web121.p1t.roblox.com
DOMAIN-SUFFIX,web1226.chi1.roblox.com
DOMAIN-SUFFIX,web124.p1t.roblox.com
DOMAIN-SUFFIX,web125.p1t.roblox.com
DOMAIN-SUFFIX,web1271.rp.roblox.com
DOMAIN-SUFFIX,web1483.chi1.roblox.com
DOMAIN-SUFFIX,web1499.chi1.roblox.com
DOMAIN-SUFFIX,web1611.chi1.roblox.com
DOMAIN-SUFFIX,web1683.chi1.roblox.com
DOMAIN-SUFFIX,web1757.chi1.roblox.com
DOMAIN-SUFFIX,web203.ra.roblox.com
DOMAIN-SUFFIX,web204.chi1.roblox.com
DOMAIN-SUFFIX,web204.ra.roblox.com
DOMAIN-SUFFIX,web205.ra.roblox.com
DOMAIN-SUFFIX,web206.ra.roblox.com
DOMAIN-SUFFIX,web207.ra.roblox.com
DOMAIN-SUFFIX,web208.ra.roblox.com
DOMAIN-SUFFIX,web209.ra.roblox.com
DOMAIN-SUFFIX,web210.ra.roblox.com
DOMAIN-SUFFIX,web211.ra.roblox.com
DOMAIN-SUFFIX,web212.ra.roblox.com
DOMAIN-SUFFIX,web213.ra.roblox.com
DOMAIN-SUFFIX,web214.ra.roblox.com
DOMAIN-SUFFIX,web215.ra.roblox.com
DOMAIN-SUFFIX,web228.chi1.roblox.com
DOMAIN-SUFFIX,web229.ra.roblox.com
DOMAIN-SUFFIX,web230.ra.roblox.com
DOMAIN-SUFFIX,web231.ra.roblox.com
DOMAIN-SUFFIX,web234.ra.roblox.com
DOMAIN-SUFFIX,web239.ra.roblox.com
DOMAIN-SUFFIX,web240.ra.roblox.com
DOMAIN-SUFFIX,web242.ra.roblox.com
DOMAIN-SUFFIX,web243.ra.roblox.com
DOMAIN-SUFFIX,web244.ra.roblox.com
DOMAIN-SUFFIX,web246.ra.roblox.com
DOMAIN-SUFFIX,web247.ra.roblox.com
DOMAIN-SUFFIX,web248.ra.roblox.com
DOMAIN-SUFFIX,web249.ra.roblox.com
DOMAIN-SUFFIX,web251.ra.roblox.com
DOMAIN-SUFFIX,web252.ra.roblox.com
DOMAIN-SUFFIX,web253.ra.roblox.com
DOMAIN-SUFFIX,web254.chi1.roblox.com
DOMAIN-SUFFIX,web254.ra.roblox.com
DOMAIN-SUFFIX,web256.ra.roblox.com
DOMAIN-SUFFIX,web288.ra.roblox.com
DOMAIN-SUFFIX,web290.ra.roblox.com
DOMAIN-SUFFIX,web326.ra.roblox.com
DOMAIN-SUFFIX,web332.ra.roblox.com
DOMAIN-SUFFIX,web468.chi1.roblox.com
DOMAIN-SUFFIX,web471.rp.roblox.com
DOMAIN-SUFFIX,web527.rp.roblox.com
DOMAIN-SUFFIX,web732.chi1.roblox.com
DOMAIN-SUFFIX,web755.chi1.roblox.com
DOMAIN-SUFFIX,web9.sm.roblox.com
DOMAIN-SUFFIX,webapp.metrics.roblox.com
DOMAIN-SUFFIX,webblox.roblox.com
DOMAIN-SUFFIX,webconf.metrics.roblox.com
DOMAIN-SUFFIX,webdisk.metrics.roblox.com
DOMAIN-SUFFIX,webhook.metrics.roblox.com
DOMAIN-SUFFIX,webmail.metrics.roblox.com
DOMAIN-SUFFIX,webmd.com
DOMAIN-SUFFIX,webnames.ca
DOMAIN-SUFFIX,webserver.metrics.roblox.com
DOMAIN-SUFFIX,webservice.metrics.roblox.com
DOMAIN-SUFFIX,webservices.metrics.roblox.com
DOMAIN-SUFFIX,website.metrics.roblox.com
DOMAIN-SUFFIX,webtoons.com
DOMAIN-SUFFIX,wee.roblox.com
DOMAIN-SUFFIX,weebly.com
DOMAIN-SUFFIX,week.metrics.roblox.com
DOMAIN-SUFFIX,welcome.metrics.roblox.com
DOMAIN-SUFFIX,welt.de
DOMAIN-SUFFIX,white.metrics.roblox.com
DOMAIN-SUFFIX,wide-youtube.l.google.com
DOMAIN-SUFFIX,widgetapp.stream
DOMAIN-SUFFIX,wiki.fextralife.com
DOMAIN-SUFFIX,wiki.roblox.com
DOMAIN-SUFFIX,wikiblog.roblox.com
DOMAIN-SUFFIX,wikidot.com
DOMAIN-SUFFIX,wilsoncenter.org
DOMAIN-SUFFIX,windows10spotlight.com
DOMAIN-SUFFIX,windsurf.com
DOMAIN-SUFFIX,wise.com
DOMAIN-SUFFIX,wonderzine.com
DOMAIN-SUFFIX,wow.roblox.com
DOMAIN-SUFFIX,wpengine.com
DOMAIN-SUFFIX,ws.metrics.roblox.com
DOMAIN-SUFFIX,ws1.metrics.roblox.com
DOMAIN-SUFFIX,wunderground.com
DOMAIN-SUFFIX,wvv.roblox.com
DOMAIN-SUFFIX,wvw.roblox.com
DOMAIN-SUFFIX,ww.roblox.com
DOMAIN-SUFFIX,ww2.metrics.roblox.com
DOMAIN-SUFFIX,wwg.roblox.com
DOMAIN-SUFFIX,wwsw.roblox.com
DOMAIN-SUFFIX,www-acc.metrics.roblox.com
DOMAIN-SUFFIX,www-gold.roblox.com
DOMAIN-SUFFIX,www.assetgame.roblox.com
DOMAIN-SUFFIX,www.careers.roblox.com
DOMAIN-SUFFIX,www.confluence.roblox.com
DOMAIN-SUFFIX,www.content.roblox.com
DOMAIN-SUFFIX,www.corp.roblox.com
DOMAIN-SUFFIX,www.developer.roblox.com
DOMAIN-SUFFIX,www.devforum.roblox.com
DOMAIN-SUFFIX,www.en.help.roblox.com
DOMAIN-SUFFIX,www.events.roblox.com
DOMAIN-SUFFIX,www.games.api.roblox.com
DOMAIN-SUFFIX,www.gametest6.roblox.com
DOMAIN-SUFFIX,www.jira.roblox.com
DOMAIN-SUFFIX,www.m.roblox.com
DOMAIN-SUFFIX,www.py.roblox.com
DOMAIN-SUFFIX,www.roblox.com
DOMAIN-SUFFIX,www.status.roblox.com
DOMAIN-SUFFIX,www.survey.roblox.com
DOMAIN-SUFFIX,www.vpn.cn.roblox.com
DOMAIN-SUFFIX,www.vpn.roblox.com
DOMAIN-SUFFIX,www.wiki.roblox.com
DOMAIN-SUFFIX,www.www2.roblox.com
DOMAIN-SUFFIX,www0.metrics.roblox.com
DOMAIN-SUFFIX,www1.metrics.roblox.com
DOMAIN-SUFFIX,www2.metrics.roblox.com
DOMAIN-SUFFIX,www3.corsair.com
DOMAIN-SUFFIX,www3.metrics.roblox.com
DOMAIN-SUFFIX,www4.metrics.roblox.com
DOMAIN-SUFFIX,wwwdev.metrics.roblox.com
DOMAIN-SUFFIX,wwwe.roblox.com
DOMAIN-SUFFIX,wwwtest.metrics.roblox.com
DOMAIN-SUFFIX,wwww.metrics.roblox.com
DOMAIN-SUFFIX,wwww0.metrics.roblox.com
DOMAIN-SUFFIX,x.ai
DOMAIN-SUFFIX,x.com
DOMAIN-SUFFIX,xboxlive.api.roblox.com
DOMAIN-SUFFIX,xbrl.metrics.roblox.com
DOMAIN-SUFFIX,xhamster.com
DOMAIN-SUFFIX,xhamsterlive.com
DOMAIN-SUFFIX,xhcdn.com
DOMAIN-SUFFIX,xn--www-rp0a.roblox.com
DOMAIN-SUFFIX,xnxx-cdn.com
DOMAIN-SUFFIX,xnxx.com
DOMAIN-SUFFIX,xnxx.net
DOMAIN-SUFFIX,xnxx.tv
DOMAIN-SUFFIX,xnxx3.com
DOMAIN-SUFFIX,xsts.auth.xboxlive.com
DOMAIN-SUFFIX,xtracloud.net
DOMAIN-SUFFIX,xv-ru.com
DOMAIN-SUFFIX,xvideos-cdn.com
DOMAIN-SUFFIX,xvideos.com
DOMAIN-SUFFIX,xww.roblox.com
DOMAIN-SUFFIX,yande.re
DOMAIN-SUFFIX,yeggi.com
DOMAIN-SUFFIX,yle.fi
DOMAIN-SUFFIX,youtrack.cloud
DOMAIN-SUFFIX,youtu.be
DOMAIN-SUFFIX,youtube-nocookie.com
DOMAIN-SUFFIX,youtube-ui.l.google.com
DOMAIN-SUFFIX,youtube.com
DOMAIN-SUFFIX,youtubeembeddedplayer.googleapis.com
DOMAIN-SUFFIX,youtubei.googleapis.com
DOMAIN-SUFFIX,youtubekids.com
DOMAIN-SUFFIX,yt-video-upload.l.google.com
DOMAIN-SUFFIX,yt.be
DOMAIN-SUFFIX,yt3.googleusercontent.com
DOMAIN-SUFFIX,ytimg.com
DOMAIN-SUFFIX,ytimg.l.google.com
DOMAIN-SUFFIX,yting.com
DOMAIN-SUFFIX,yummyani.me
DOMAIN-SUFFIX,yww.roblox.com
DOMAIN-SUFFIX,z.metrics.roblox.com
DOMAIN-SUFFIX,zabbix.metrics.roblox.com
DOMAIN-SUFFIX,zahav.ru
DOMAIN-SUFFIX,zapier.com
DOMAIN-SUFFIX,zaxid.net
DOMAIN-SUFFIX,zbigz.com
DOMAIN-SUFFIX,zedge.net
DOMAIN-SUFFIX,zendesk.com
DOMAIN-SUFFIX,zendeskverification.roblox.com
DOMAIN-SUFFIX,zerkalo.io
DOMAIN-SUFFIX,zona.media
DOMAIN-SUFFIX,zone.metrics.roblox.com
